Component: ARM Compiler 5.06 update 6 (build 750) Tool: armlink [4d35ed]

==============================================================================

Section Cross References

    startup_stm32f407xx.o(RESET) refers to startup_stm32f407xx.o(STACK) for __initial_sp
    startup_stm32f407xx.o(RESET) refers to startup_stm32f407xx.o(.text) for Reset_Handler
    startup_stm32f407xx.o(RESET) refers to stm32f4xx_it.o(i.NMI_Handler) for NMI_Handler
    startup_stm32f407xx.o(RESET) refers to stm32f4xx_it.o(i.HardFault_Handler) for HardFault_Handler
    startup_stm32f407xx.o(RESET) refers to stm32f4xx_it.o(i.MemManage_Handler) for MemManage_Handler
    startup_stm32f407xx.o(RESET) refers to stm32f4xx_it.o(i.BusFault_Handler) for BusFault_Handler
    startup_stm32f407xx.o(RESET) refers to stm32f4xx_it.o(i.UsageFault_Handler) for UsageFault_Handler
    startup_stm32f407xx.o(RESET) refers to stm32f4xx_it.o(i.SVC_Handler) for SVC_Handler
    startup_stm32f407xx.o(RESET) refers to stm32f4xx_it.o(i.DebugMon_Handler) for DebugMon_Handler
    startup_stm32f407xx.o(RESET) refers to stm32f4xx_it.o(i.PendSV_Handler) for PendSV_Handler
    startup_stm32f407xx.o(RESET) refers to stm32f4xx_it.o(i.SysTick_Handler) for SysTick_Handler
    startup_stm32f407xx.o(RESET) refers to stm32f4xx_it.o(i.DMA1_Stream1_IRQHandler) for DMA1_Stream1_IRQHandler
    startup_stm32f407xx.o(RESET) refers to stm32f4xx_it.o(i.TIM3_IRQHandler) for TIM3_IRQHandler
    startup_stm32f407xx.o(.text) refers to system_stm32f4xx.o(i.SystemInit) for SystemInit
    startup_stm32f407xx.o(.text) refers to entry.o(.ARM.Collect$$$$00000000) for __main
    main.o(i.MX_GPIO_Init) refers to memseta.o(.text) for __aeabi_memclr4
    main.o(i.MX_GPIO_Init) refers to stm32f4xx_hal_gpio.o(i.HAL_GPIO_WritePin) for HAL_GPIO_WritePin
    main.o(i.MX_GPIO_Init) refers to stm32f4xx_hal_gpio.o(i.HAL_GPIO_Init) for HAL_GPIO_Init
    main.o(i.MX_TIM3_Init) refers to memseta.o(.text) for __aeabi_memclr4
    main.o(i.MX_TIM3_Init) refers to stm32f4xx_hal_tim.o(i.HAL_TIM_PWM_Init) for HAL_TIM_PWM_Init
    main.o(i.MX_TIM3_Init) refers to stm32f4xx_hal_tim_ex.o(i.HAL_TIMEx_MasterConfigSynchronization) for HAL_TIMEx_MasterConfigSynchronization
    main.o(i.MX_TIM3_Init) refers to stm32f4xx_hal_tim.o(i.HAL_TIM_PWM_ConfigChannel) for HAL_TIM_PWM_ConfigChannel
    main.o(i.MX_TIM3_Init) refers to stm32f4xx_hal_msp.o(i.HAL_TIM_MspPostInit) for HAL_TIM_MspPostInit
    main.o(i.MX_TIM3_Init) refers to main.o(.bss) for .bss
    main.o(i.MX_TIM5_Init) refers to stm32f4xx_hal_tim.o(i.HAL_TIM_Base_Init) for HAL_TIM_Base_Init
    main.o(i.MX_TIM5_Init) refers to stm32f4xx_hal_tim.o(i.HAL_TIM_ConfigClockSource) for HAL_TIM_ConfigClockSource
    main.o(i.MX_TIM5_Init) refers to stm32f4xx_hal_tim_ex.o(i.HAL_TIMEx_MasterConfigSynchronization) for HAL_TIMEx_MasterConfigSynchronization
    main.o(i.MX_TIM5_Init) refers to main.o(.bss) for .bss
    main.o(i.SystemClock_Config) refers to memseta.o(.text) for __aeabi_memclr4
    main.o(i.SystemClock_Config) refers to stm32f4xx_hal_rcc.o(i.HAL_RCC_OscConfig) for HAL_RCC_OscConfig
    main.o(i.SystemClock_Config) refers to stm32f4xx_hal_rcc.o(i.HAL_RCC_ClockConfig) for HAL_RCC_ClockConfig
    main.o(i.main) refers to stm32f4xx_hal.o(i.HAL_Init) for HAL_Init
    main.o(i.main) refers to main.o(i.SystemClock_Config) for SystemClock_Config
    main.o(i.main) refers to main.o(i.MX_GPIO_Init) for MX_GPIO_Init
    main.o(i.main) refers to stm32f4xx_hal_cortex.o(i.HAL_NVIC_SetPriority) for HAL_NVIC_SetPriority
    main.o(i.main) refers to stm32f4xx_hal_cortex.o(i.HAL_NVIC_EnableIRQ) for HAL_NVIC_EnableIRQ
    main.o(i.main) refers to main.o(i.MX_TIM3_Init) for MX_TIM3_Init
    main.o(i.main) refers to stm32f4xx_hal_i2c.o(i.HAL_I2C_Init) for HAL_I2C_Init
    main.o(i.main) refers to main.o(i.MX_TIM5_Init) for MX_TIM5_Init
    main.o(i.main) refers to stm32f4xx_hal_uart.o(i.HAL_UART_Init) for HAL_UART_Init
    main.o(i.main) refers to stm32f4xx_hal_tim.o(i.HAL_TIM_PWM_Start) for HAL_TIM_PWM_Start
    main.o(i.main) refers to tcs34725.o(i.Init_cts34725) for Init_cts34725
    main.o(i.main) refers to servosandbuttons.o(i.PositionServoSensor) for PositionServoSensor
    main.o(i.main) refers to servosandbuttons.o(i.PositionServoRamp) for PositionServoRamp
    main.o(i.main) refers to writeflash.o(i.MY_FLASH_SetSectorAddrs) for MY_FLASH_SetSectorAddrs
    main.o(i.main) refers to writeflash.o(i.MY_FLASH_ReadN) for MY_FLASH_ReadN
    main.o(i.main) refers to ssd1306.o(i.SSD1306_Init) for SSD1306_Init
    main.o(i.main) refers to test.o(i.TestLines) for TestLines
    main.o(i.main) refers to ssd1306.o(i.SSD1306_Clear) for SSD1306_Clear
    main.o(i.main) refers to ssd1306.o(i.SSD1306_GotoXY) for SSD1306_GotoXY
    main.o(i.main) refers to ssd1306.o(i.SSD1306_Puts) for SSD1306_Puts
    main.o(i.main) refers to ssd1306.o(i.SSD1306_UpdateScreen) for SSD1306_UpdateScreen
    main.o(i.main) refers to stm32f4xx_hal_uart.o(i.HAL_UART_Receive_DMA) for HAL_UART_Receive_DMA
[...]
    ../Src/system_stm32f4xx.c                0x00000000   Number         0  system_stm32f4xx.o ABSOLUTE
    ../clib/microlib/division.c              0x00000000   Number         0  uldiv.o ABSOLUTE
    ../clib/microlib/division.c              0x00000000   Number         0  uidiv.o ABSOLUTE
    ../clib/microlib/init/entry.s            0x00000000   Number         0  entry8b.o ABSOLUTE
    ../clib/microlib/init/entry.s            0x00000000   Number         0  entry8a.o ABSOLUTE
    ../clib/microlib/init/entry.s            0x00000000   Number         0  entry.o ABSOLUTE
    ../clib/microlib/init/entry.s            0x00000000   Number         0  entry7b.o ABSOLUTE
    ../clib/microlib/init/entry.s            0x00000000   Number         0  entry5.o ABSOLUTE
    ../clib/microlib/init/entry.s            0x00000000   Number         0  entry2.o ABSOLUTE
    ../clib/microlib/init/entry.s            0x00000000   Number         0  entry7a.o ABSOLUTE
    ../clib/microlib/init/entry.s            0x00000000   Number         0  entry11b.o ABSOLUTE
    ../clib/microlib/init/entry.s            0x00000000   Number         0  entry11a.o ABSOLUTE
    ../clib/microlib/init/entry.s            0x00000000   Number         0  entry10b.o ABSOLUTE
    ../clib/microlib/init/entry.s            0x00000000   Number         0  entry10a.o ABSOLUTE
    ../clib/microlib/init/entry.s            0x00000000   Number         0  entry9b.o ABSOLUTE
    ../clib/microlib/init/entry.s            0x00000000   Number         0  entry9a.o ABSOLUTE
    ../clib/microlib/longlong.c              0x00000000   Number         0  llsshr.o ABSOLUTE
    ../clib/microlib/longlong.c              0x00000000   Number         0  llushr.o ABSOLUTE
    ../clib/microlib/longlong.c              0x00000000   Number         0  llshl.o ABSOLUTE
    ../clib/microlib/printf/printf.c         0x00000000   Number         0  printf6.o ABSOLUTE
    ../clib/microlib/printf/printf.c         0x00000000   Number         0  printf1.o ABSOLUTE
    ../clib/microlib/printf/printf.c         0x00000000   Number         0  printf2.o ABSOLUTE
    ../clib/microlib/printf/printf.c         0x00000000   Number         0  printf0.o ABSOLUTE
    ../clib/microlib/printf/printf.c         0x00000000   Number         0  printf8.o ABSOLUTE
    ../clib/microlib/printf/printf.c         0x00000000   Number         0  printf7.o ABSOLUTE
    ../clib/microlib/printf/printf.c         0x00000000   Number         0  printfa.o ABSOLUTE
    ../clib/microlib/printf/printf.c         0x00000000   Number         0  printf5.o ABSOLUTE
    ../clib/microlib/printf/printf.c         0x00000000   Number         0  printf3.o ABSOLUTE
    ../clib/microlib/printf/printf.c         0x00000000   Number         0  printf4.o ABSOLUTE
    ../clib/microlib/printf/printf.c         0x00000000   Number         0  printfb.o ABSOLUTE
    ../clib/microlib/printf/stubs.s          0x00000000   Number         0  stubs.o ABSOLUTE
    ../clib/microlib/stdio/fputc.c           0x00000000   Number         0  fputc.o ABSOLUTE
    ../clib/microlib/stdio/semi.s            0x00000000   Number         0  semi.o ABSOLUTE
    ../clib/microlib/stdio/streams.c         0x00000000   Number         0  stdout.o ABSOLUTE
    ../clib/microlib/string/memset.c         0x00000000   Number         0  memseta.o ABSOLUTE
    ../clib/microlib/string/strlen.c         0x00000000   Number         0  strlen.o ABSOLUTE
    ../clib/microlib/stubs.s                 0x00000000   Number         0  iusefp.o ABSOLUTE
    ../clib/microlib/stubs.s                 0x00000000   Number         0  iusesemip.o ABSOLUTE
    ../fplib/microlib/fpadd.c                0x00000000   Number         0  dadd.o ABSOLUTE
    ../fplib/microlib/fpdiv.c                0x00000000   Number         0  ddiv.o ABSOLUTE
    ../fplib/microlib/fpepilogue.c           0x00000000   Number         0  depilogue.o ABSOLUTE
    ../fplib/microlib/fpfix.c                0x00000000   Number         0  dfixul.o ABSOLUTE
    ../fplib/microlib/fpmul.c                0x00000000   Number         0  dmul.o ABSOLUTE
    ..\..\Libraries_stm32f4\Libraries for OLED 128x64\fonts.c 0x00000000   Number         0  fonts.o ABSOLUTE
    ..\..\Libraries_stm32f4\Libraries for OLED 128x64\ssd1306.c 0x00000000   Number         0  ssd1306.o ABSOLUTE
    ..\..\Libraries_stm32f4\Libraries for OLED 128x64\test.c 0x00000000   Number         0  test.o ABSOLUTE
    ..\..\Libraries_stm32f4\sendwifi.c       0x00000000   Number         0  sendwifi.o ABSOLUTE
    ..\..\Libraries_stm32f4\servosandbuttons.c 0x00000000   Number         0  servosandbuttons.o ABSOLUTE
    ..\..\Libraries_stm32f4\tcs34725.c       0x00000000   Number         0  tcs34725.o ABSOLUTE
    ..\..\Libraries_stm32f4\writeFlash.c     0x00000000   Number         0  writeflash.o ABSOLUTE
    ..\Drivers\STM32F4xx_HAL_Driver\Src\stm32f4xx_hal.c 0x00000000   Number         0  stm32f4xx_hal.o ABSOLUTE
    ..\Drivers\STM32F4xx_HAL_Driver\Src\stm32f4xx_hal_cortex.c 0x00000000   Number         0  stm32f4xx_hal_cortex.o ABSOLUTE
    ..\Drivers\STM32F4xx_HAL_Driver\Src\stm32f4xx_hal_dma.c 0x00000000   Number         0  stm32f4xx_hal_dma.o ABSOLUTE
    ..\Drivers\STM32F4xx_HAL_Driver\Src\stm32f4xx_hal_dma_ex.c 0x00000000   Number         0  stm32f4xx_hal_dma_ex.o ABSOLUTE
    ..\Drivers\STM32F4xx_HAL_Driver\Src\stm32f4xx_hal_exti.c 0x00000000   Number         0  stm32f4xx_hal_exti.o ABSOLUTE
    ..\Drivers\STM32F4xx_HAL_Driver\Src\stm32f4xx_hal_flash.c 0x00000000   Number         0  stm32f4xx_hal_flash.o ABSOLUTE
    ..\Drivers\STM32F4xx_HAL_Driver\Src\stm32f4xx_hal_flash_ex.c 0x00000000   Number         0  stm32f4xx_hal_flash_ex.o ABSOLUTE
    ..\Drivers\STM32F4xx_HAL_Driver\Src\stm32f4xx_hal_flash_ramfunc.c 0x00000000   Number         0  stm32f4xx_hal_flash_ramfunc.o ABSOLUTE
    ..\Drivers\STM32F4xx_HAL_Driver\Src\stm32f4xx_hal_gpio.c 0x00000000   Number         0  stm32f4xx_hal_gpio.o ABSOLUTE
    ..\Drivers\STM32F4xx_HAL_Driver\Src\stm32f4xx_hal_i2c.c 0x00000000   Number         0  stm32f4xx_hal_i2c.o ABSOLUTE
    ..\Drivers\STM32F4xx_HAL_Driver\Src\stm32f4xx_hal_i2c_ex.c 0x00000000   Number         0  stm32f4xx_hal_i2c_ex.o ABSOLUTE
    ..\Drivers\STM32F4xx_HAL_Driver\Src\stm32f4xx_hal_pwr.c 0x00000000   Number         0  stm32f4xx_hal_pwr.o ABSOLUTE
    ..\Drivers\STM32F4xx_HAL_Driver\Src\stm32f4xx_hal_pwr_ex.c 0x00000000   Number         0  stm32f4xx_hal_pwr_ex.o ABSOLUTE
    ..\Drivers\STM32F4xx_HAL_Driver\Src\stm32f4xx_hal_rcc.c 0x00000000   Number         0  stm32f4xx_hal_rcc.o ABSOLUTE
    ..\Drivers\STM32F4xx_HAL_Driver\Src\stm32f4xx_hal_rcc_ex.c 0x00000000   Number         0  stm32f4xx_hal_rcc_ex.o ABSOLUTE
    ..\Drivers\STM32F4xx_HAL_Driver\Src\stm32f4xx_hal_tim.c 0x00000000   Number         0  stm32f4xx_hal_tim.o ABSOLUTE
    ..\Drivers\STM32F4xx_HAL_Driver\Src\stm32f4xx_hal_tim_ex.c 0x00000000   Number         0  stm32f4xx_hal_tim_ex.o ABSOLUTE
    ..\Drivers\STM32F4xx_HAL_Driver\Src\stm32f4xx_hal_uart.c 0x00000000   Number         0  stm32f4xx_hal_uart.o ABSOLUTE
    ..\Src\main.c                            0x00000000   Number         0  main.o ABSOLUTE
    ..\Src\stm32f4xx_hal_msp.c               0x00000000   Number         0  stm32f4xx_hal_msp.o ABSOLUTE
    ..\Src\stm32f4xx_it.c                    0x00000000   Number         0  stm32f4xx_it.o ABSOLUTE
    ..\Src\system_stm32f4xx.c                0x00000000   Number         0  system_stm32f4xx.o ABSOLUTE
    ..\\..\\Libraries_stm32f4\\Libraries for OLED 128x64\\fonts.c 0x00000000   Number         0  fonts.o ABSOLUTE
    ..\\..\\Libraries_stm32f4\\Libraries for OLED 128x64\\ssd1306.c 0x00000000   Number         0  ssd1306.o ABSOLUTE
    ..\\..\\Libraries_stm32f4\\Libraries for OLED 128x64\\test.c 0x00000000   Number         0  test.o ABSOLUTE
    ..\\..\\Libraries_stm32f4\\sendwifi.c    0x00000000   Number         0  sendwifi.o ABSOLUTE
    ..\\..\\Libraries_stm32f4\\servosandbuttons.c 0x00000000   Number         0  servosandbuttons.o ABSOLUTE
    ..\\..\\Libraries_stm32f4\\tcs34725.c    0x00000000   Number         0  tcs34725.o ABSOLUTE
    ..\\..\\Libraries_stm32f4\\writeFlash.c  0x00000000   Number         0  writeflash.o ABSOLUTE
    cdrcmple.s                               0x00000000   Number         0  cdrcmple.o ABSOLUTE
    dc.s                                     0x00000000   Number         0  dc.o ABSOLUTE
    handlers.s                               0x00000000   Number         0  handlers.o ABSOLUTE
    init.s                                   0x00000000   Number         0  init.o ABSOLUTE
    startup_stm32f407xx.s                    0x00000000   Number         0  startup_stm32f407xx.o ABSOLUTE
    RESET                                    0x08000000   Section      392  startup_stm32f407xx.o(RESET)
    .ARM.Collect$$$$00000000                 0x08000188   Section        0  entry.o(.ARM.Collect$$$$00000000)
    .ARM.Collect$$$$00000001                 0x08000188   Section        4  entry2.o(.ARM.Collect$$$$00000001)
    .ARM.Collect$$$$00000004                 0x0800018c   Section        4  entry5.o(.ARM.Collect$$$$00000004)
    .ARM.Collect$$$$00000008                 0x08000190   Section        0  entry7b.o(.ARM.Collect$$$$00000008)
    .ARM.Collect$$$$0000000A                 0x08000190   Section        0  entry8b.o(.ARM.Collect$$$$0000000A)
    .ARM.Collect$$$$0000000B                 0x08000190   Section        8  entry9a.o(.ARM.Collect$$$$0000000B)
    .ARM.Collect$$$$0000000D                 0x08000198   Section        0  entry10a.o(.ARM.Collect$$$$0000000D)
    .ARM.Collect$$$$0000000F                 0x08000198   Section        0  entry11a.o(.ARM.Collect$$$$0000000F)
    .ARM.Collect$$$$00002712                 0x08000198   Section        4  entry2.o(.ARM.Collect$$$$00002712)
    __lit__00000000                          0x08000198   Data           4  entry2.o(.ARM.Collect$$$$00002712)
    .text                                    0x0800019c   Section       36  startup_stm32f407xx.o(.text)
    $v0                                      0x0800019c   Number         0  startup_stm32f407xx.o(.text)
    .text                                    0x080001c0   Section        0  uldiv.o(.text)
    .text                                    0x08000222   Section        0  memseta.o(.text)
    .text                                    0x08000246   Section        0  strlen.o(.text)
    .text                                    0x08000254   Section        0  uidiv.o(.text)
    .text                                    0x08000280   Section        0  llshl.o(.text)
    .text                                    0x0800029e   Section        0  llushr.o(.text)
    .text                                    0x080002c0   Section       36  init.o(.text)
    i.BusFault_Handler                       0x080002e4   Section        0  stm32f4xx_it.o(i.BusFault_Handler)
    i.ButtonAceptPressed                     0x080002e8   Section        0  servosandbuttons.o(i.ButtonAceptPressed)
    i.ButtonMenu                             0x08000350   Section        0  servosandbuttons.o(i.ButtonMenu)
    i.ButtonMenuAction                       0x08000614   Section        0  servosandbuttons.o(i.ButtonMenuAction)
    i.ButtonMenuPressed                      0x08000860   Section        0  servosandbuttons.o(i.ButtonMenuPressed)
    i.CalibrateColour                        0x080008c8   Section        0  tcs34725.o(i.CalibrateColour)
    i.CicleColor                             0x08000b9c   Section        0  tcs34725.o(i.CicleColor)
    i.DMA1_Stream1_IRQHandler                0x08000c08   Section        0  stm32f4xx_it.o(i.DMA1_Stream1_IRQHandler)
    i.DMA_CalcBaseAndBitshift                0x08000c14   Section        0  stm32f4xx_hal_dma.o(i.DMA_CalcBaseAndBitshift)
    DMA_CalcBaseAndBitshift                  0x08000c15   Thumb Code    34  stm32f4xx_hal_dma.o(i.DMA_CalcBaseAndBitshift)
    i.DMA_CheckFifoParam                     0x08000c3c   Section        0  stm32f4xx_hal_dma.o(i.DMA_CheckFifoParam)
    DMA_CheckFifoParam                       0x08000c3d   Thumb Code    84  stm32f4xx_hal_dma.o(i.DMA_CheckFifoParam)
    i.DMA_SetConfig                          0x08000c90   Section        0  stm32f4xx_hal_dma.o(i.DMA_SetConfig)
    DMA_SetConfig                            0x08000c91   Thumb Code    40  stm32f4xx_hal_dma.o(i.DMA_SetConfig)
    i.DebugMon_Handler                       0x08000cb8   Section        0  stm32f4xx_it.o(i.DebugMon_Handler)
    i.DefineColour                           0x08000cbc   Section        0  tcs34725.o(i.DefineColour)
    i.Error_Handler                          0x08000ee8   Section        0  main.o(i.Error_Handler)
    i.FLASH_Erase_Sector                     0x08000eec   Section        0  stm32f4xx_hal_flash_ex.o(i.FLASH_Erase_Sector)
    i.FLASH_Program_Byte                     0x08000f3c   Section        0  stm32f4xx_hal_flash.o(i.FLASH_Program_Byte)
    FLASH_Program_Byte                       0x08000f3d   Thumb Code    26  stm32f4xx_hal_flash.o(i.FLASH_Program_Byte)
    i.FLASH_Program_DoubleWord               0x08000f5c   Section        0  stm32f4xx_hal_flash.o(i.FLASH_Program_DoubleWord)
    FLASH_Program_DoubleWord                 0x08000f5d   Thumb Code    38  stm32f4xx_hal_flash.o(i.FLASH_Program_DoubleWord)
    i.FLASH_Program_HalfWord                 0x08000f88   Section        0  stm32f4xx_hal_flash.o(i.FLASH_Program_HalfWord)
    FLASH_Program_HalfWord                   0x08000f89   Thumb Code    30  stm32f4xx_hal_flash.o(i.FLASH_Program_HalfWord)
    i.FLASH_Program_Word                     0x08000fac   Section        0  stm32f4xx_hal_flash.o(i.FLASH_Program_Word)
    FLASH_Program_Word                       0x08000fad   Thumb Code    30  stm32f4xx_hal_flash.o(i.FLASH_Program_Word)
    i.FLASH_SetErrorCode                     0x08000fd0   Section        0  stm32f4xx_hal_flash.o(i.FLASH_SetErrorCode)
    FLASH_SetErrorCode                       0x08000fd1   Thumb Code    96  stm32f4xx_hal_flash.o(i.FLASH_SetErrorCode)
    i.FLASH_WaitForLastOperation             0x08001038   Section        0  stm32f4xx_hal_flash.o(i.FLASH_WaitForLastOperation)
    i.HAL_DMA_IRQHandler                     0x08001088   Section        0  stm32f4xx_hal_dma.o(i.HAL_DMA_IRQHandler)
    i.HAL_DMA_Init                           0x08001228   Section        0  stm32f4xx_hal_dma.o(i.HAL_DMA_Init)
    i.HAL_DMA_Start_IT                       0x080012fc   Section        0  stm32f4xx_hal_dma.o(i.HAL_DMA_Start_IT)
    i.HAL_Delay                              0x0800136c   Section        0  stm32f4xx_hal.o(i.HAL_Delay)
    i.HAL_FLASH_Lock                         0x08001390   Section        0  stm32f4xx_hal_flash.o(i.HAL_FLASH_Lock)
    i.HAL_FLASH_Program                      0x080013a4   Section        0  stm32f4xx_hal_flash.o(i.HAL_FLASH_Program)
    i.HAL_FLASH_Unlock                       0x08001420   Section        0  stm32f4xx_hal_flash.o(i.HAL_FLASH_Unlock)
    i.HAL_GPIO_Init                          0x0800144c   Section        0  stm32f4xx_hal_gpio.o(i.HAL_GPIO_Init)
    i.HAL_GPIO_ReadPin                       0x08001604   Section        0  stm32f4xx_hal_gpio.o(i.HAL_GPIO_ReadPin)
    i.HAL_GPIO_TogglePin                     0x0800160e   Section        0  stm32f4xx_hal_gpio.o(i.HAL_GPIO_TogglePin)
    i.HAL_GPIO_WritePin                      0x0800161c   Section        0  stm32f4xx_hal_gpio.o(i.HAL_GPIO_WritePin)
    i.HAL_GetTick                            0x08001628   Section        0  stm32f4xx_hal.o(i.HAL_GetTick)
    i.HAL_I2C_Init                           0x08001634   Section        0  stm32f4xx_hal_i2c.o(i.HAL_I2C_Init)
    i.HAL_I2C_IsDeviceReady                  0x080017bc   Section        0  stm32f4xx_hal_i2c.o(i.HAL_I2C_IsDeviceReady)
    i.HAL_I2C_Master_Receive                 0x08001928   Section        0  stm32f4xx_hal_i2c.o(i.HAL_I2C_Master_Receive)
    i.HAL_I2C_Master_Transmit                0x08001b08   Section        0  stm32f4xx_hal_i2c.o(i.HAL_I2C_Master_Transmit)
    i.HAL_I2C_MspInit                        0x08001c34   Section        0  stm32f4xx_hal_msp.o(i.HAL_I2C_MspInit)
    i.HAL_IncTick                            0x08001cd4   Section        0  stm32f4xx_hal.o(i.HAL_IncTick)
    i.HAL_Init                               0x08001ce4   Section        0  stm32f4xx_hal.o(i.HAL_Init)
    i.HAL_InitTick                           0x08001d18   Section        0  stm32f4xx_hal.o(i.HAL_InitTick)
    i.HAL_MspInit                            0x08001d58   Section        0  stm32f4xx_hal_msp.o(i.HAL_MspInit)
    i.HAL_NVIC_EnableIRQ                     0x08001d8c   Section        0  stm32f4xx_hal_cortex.o(i.HAL_NVIC_EnableIRQ)
    i.HAL_NVIC_SetPriority                   0x08001da8   Section        0  stm32f4xx_hal_cortex.o(i.HAL_NVIC_SetPriority)
    i.HAL_NVIC_SetPriorityGrouping           0x08001de8   Section        0  stm32f4xx_hal_cortex.o(i.HAL_NVIC_SetPriorityGrouping)
    i.HAL_RCC_ClockConfig                    0x08001e0c   Section        0  stm32f4xx_hal_rcc.o(i.HAL_RCC_ClockConfig)
    i.HAL_RCC_GetPCLK1Freq                   0x08001f40   Section        0  stm32f4xx_hal_rcc.o(i.HAL_RCC_GetPCLK1Freq)
    i.HAL_RCC_GetPCLK2Freq                   0x08001f60   Section        0  stm32f4xx_hal_rcc.o(i.HAL_RCC_GetPCLK2Freq)
    i.HAL_RCC_GetSysClockFreq                0x08001f80   Section        0  stm32f4xx_hal_rcc.o(i.HAL_RCC_GetSysClockFreq)
    i.HAL_RCC_OscConfig                      0x08001fe0   Section        0  stm32f4xx_hal_rcc.o(i.HAL_RCC_OscConfig)
    i.HAL_SYSTICK_Config                     0x0800233c   Section        0  stm32f4xx_hal_cortex.o(i.HAL_SYSTICK_Config)
    i.HAL_TIMEx_BreakCallback                0x08002364   Section        0  stm32f4xx_hal_tim_ex.o(i.HAL_TIMEx_BreakCallback)
    i.HAL_TIMEx_CommutCallback               0x08002366   Section        0  stm32f4xx_hal_tim_ex.o(i.HAL_TIMEx_CommutCallback)
    i.HAL_TIMEx_MasterConfigSynchronization  0x08002368   Section        0  stm32f4xx_hal_tim_ex.o(i.HAL_TIMEx_MasterConfigSynchronization)
    i.HAL_TIM_Base_Init                      0x080023f8   Section        0  stm32f4xx_hal_tim.o(i.HAL_TIM_Base_Init)
    i.HAL_TIM_Base_MspInit                   0x08002430   Section        0  stm32f4xx_hal_msp.o(i.HAL_TIM_Base_MspInit)
    i.HAL_TIM_ConfigClockSource              0x08002458   Section        0  stm32f4xx_hal_tim.o(i.HAL_TIM_ConfigClockSource)
    i.HAL_TIM_IC_CaptureCallback             0x0800252e   Section        0  stm32f4xx_hal_tim.o(i.HAL_TIM_IC_CaptureCallback)
    i.HAL_TIM_IRQHandler                     0x08002530   Section        0  stm32f4xx_hal_tim.o(i.HAL_TIM_IRQHandler)
    i.HAL_TIM_MspPostInit                    0x08002698   Section        0  stm32f4xx_hal_msp.o(i.HAL_TIM_MspPostInit)
    i.HAL_TIM_OC_DelayElapsedCallback        0x080026e8   Section        0  stm32f4xx_hal_tim.o(i.HAL_TIM_OC_DelayElapsedCallback)
    i.HAL_TIM_PWM_ConfigChannel              0x080026ea   Section        0  stm32f4xx_hal_tim.o(i.HAL_TIM_PWM_ConfigChannel)
    i.HAL_TIM_PWM_Init                       0x080027ba   Section        0  stm32f4xx_hal_tim.o(i.HAL_TIM_PWM_Init)
    i.HAL_TIM_PWM_MspInit                    0x080027f0   Section        0  stm32f4xx_hal_msp.o(i.HAL_TIM_PWM_MspInit)
    i.HAL_TIM_PWM_PulseFinishedCallback      0x0800282c   Section        0  stm32f4xx_hal_tim.o(i.HAL_TIM_PWM_PulseFinishedCallback)
    i.HAL_TIM_PWM_Start                      0x08002830   Section        0  stm32f4xx_hal_tim.o(i.HAL_TIM_PWM_Start)
    i.HAL_TIM_PeriodElapsedCallback          0x08002874   Section        0  stm32f4xx_hal_tim.o(i.HAL_TIM_PeriodElapsedCallback)
    i.HAL_TIM_TriggerCallback                0x08002876   Section        0  stm32f4xx_hal_tim.o(i.HAL_TIM_TriggerCallback)
    i.HAL_UART_ErrorCallback                 0x08002878   Section        0  stm32f4xx_hal_uart.o(i.HAL_UART_ErrorCallback)
    i.HAL_UART_Init                          0x0800287a   Section        0  stm32f4xx_hal_uart.o(i.HAL_UART_Init)
    i.HAL_UART_MspInit                       0x080028dc   Section        0  stm32f4xx_hal_msp.o(i.HAL_UART_MspInit)
    i.HAL_UART_Receive_DMA                   0x080029c0   Section        0  stm32f4xx_hal_uart.o(i.HAL_UART_Receive_DMA)
    i.HAL_UART_RxCpltCallback                0x08002a58   Section        0  sendwifi.o(i.HAL_UART_RxCpltCallback)
    i.HAL_UART_RxHalfCpltCallback            0x08002a94   Section        0  stm32f4xx_hal_uart.o(i.HAL_UART_RxHalfCpltCallback)
    i.HAL_UART_Transmit                      0x08002a96   Section        0  stm32f4xx_hal_uart.o(i.HAL_UART_Transmit)
    i.HardFault_Handler                      0x08002b50   Section        0  stm32f4xx_it.o(i.HardFault_Handler)
    i.I2C_IsAcknowledgeFailed                0x08002b52   Section        0  stm32f4xx_hal_i2c.o(i.I2C_IsAcknowledgeFailed)
    I2C_IsAcknowledgeFailed                  0x08002b53   Thumb Code    46  stm32f4xx_hal_i2c.o(i.I2C_IsAcknowledgeFailed)
    i.I2C_MasterRequestRead                  0x08002b80   Section        0  stm32f4xx_hal_i2c.o(i.I2C_MasterRequestRead)
    I2C_MasterRequestRead                    0x08002b81   Thumb Code   230  stm32f4xx_hal_i2c.o(i.I2C_MasterRequestRead)
    i.I2C_MasterRequestWrite                 0x08002c6c   Section        0  stm32f4xx_hal_i2c.o(i.I2C_MasterRequestWrite)
    I2C_MasterRequestWrite                   0x08002c6d   Thumb Code   150  stm32f4xx_hal_i2c.o(i.I2C_MasterRequestWrite)
    i.I2C_WaitOnBTFFlagUntilTimeout          0x08002d08   Section        0  stm32f4xx_hal_i2c.o(i.I2C_WaitOnBTFFlagUntilTimeout)
    I2C_WaitOnBTFFlagUntilTimeout            0x08002d09   Thumb Code    76  stm32f4xx_hal_i2c.o(i.I2C_WaitOnBTFFlagUntilTimeout)
    i.I2C_WaitOnFlagUntilTimeout             0x08002d54   Section        0  stm32f4xx_hal_i2c.o(i.I2C_WaitOnFlagUntilTimeout)
    I2C_WaitOnFlagUntilTimeout               0x08002d55   Thumb Code   104  stm32f4xx_hal_i2c.o(i.I2C_WaitOnFlagUntilTimeout)
    i.I2C_WaitOnMasterAddressFlagUntilTimeout 0x08002dbc   Section        0  stm32f4xx_hal_i2c.o(i.I2C_WaitOnMasterAddressFlagUntilTimeout)
    I2C_WaitOnMasterAddressFlagUntilTimeout  0x08002dbd   Thumb Code   150  stm32f4xx_hal_i2c.o(i.I2C_WaitOnMasterAddressFlagUntilTimeout)
    i.I2C_WaitOnRXNEFlagUntilTimeout         0x08002e52   Section        0  stm32f4xx_hal_i2c.o(i.I2C_WaitOnRXNEFlagUntilTimeout)
    I2C_WaitOnRXNEFlagUntilTimeout           0x08002e53   Thumb Code   102  stm32f4xx_hal_i2c.o(i.I2C_WaitOnRXNEFlagUntilTimeout)
    i.I2C_WaitOnTXEFlagUntilTimeout          0x08002eb8   Section        0  stm32f4xx_hal_i2c.o(i.I2C_WaitOnTXEFlagUntilTimeout)
    I2C_WaitOnTXEFlagUntilTimeout            0x08002eb9   Thumb Code    76  stm32f4xx_hal_i2c.o(i.I2C_WaitOnTXEFlagUntilTimeout)
    i.InitESP                                0x08002f04   Section        0  sendwifi.o(i.InitESP)
    i.Init_cts34725                          0x08002fa0   Section        0  tcs34725.o(i.Init_cts34725)
    i.MX_GPIO_Init                           0x08003000   Section        0  main.o(i.MX_GPIO_Init)
    MX_GPIO_Init                             0x08003001   Thumb Code   174  main.o(i.MX_GPIO_Init)
    i.MX_TIM3_Init                           0x080030c0   Section        0  main.o(i.MX_TIM3_Init)
    MX_TIM3_Init                             0x080030c1   Thumb Code    98  main.o(i.MX_TIM3_Init)
    i.MX_TIM5_Init                           0x0800312c   Section        0  main.o(i.MX_TIM5_Init)
    MX_TIM5_Init                             0x0800312d   Thumb Code    74  main.o(i.MX_TIM5_Init)
    i.MY_FLASH_ReadN                         0x08003180   Section        0  writeflash.o(i.MY_FLASH_ReadN)
    i.MY_FLASH_SetSectorAddrs                0x080031d0   Section        0  writeflash.o(i.MY_FLASH_SetSectorAddrs)
    i.MY_FLASH_WriteN                        0x080031dc   Section        0  writeflash.o(i.MY_FLASH_WriteN)
    i.MemManage_Handler                      0x08003270   Section        0  stm32f4xx_it.o(i.MemManage_Handler)
    i.NMI_Handler                            0x08003272   Section        0  stm32f4xx_it.o(i.NMI_Handler)
    i.PendSV_Handler                         0x08003274   Section        0  stm32f4xx_it.o(i.PendSV_Handler)
    i.PositionServoRamp                      0x08003278   Section        0  servosandbuttons.o(i.PositionServoRamp)
    i.PositionServoSensor                    0x08003284   Section        0  servosandbuttons.o(i.PositionServoSensor)
    i.Read_cts34725                          0x08003290   Section        0  tcs34725.o(i.Read_cts34725)
    i.SSD1306_Clear                          0x08003388   Section        0  ssd1306.o(i.SSD1306_Clear)
    i.SSD1306_DrawFilledCircle               0x08003398   Section        0  ssd1306.o(i.SSD1306_DrawFilledCircle)
    i.SSD1306_DrawLine                       0x0800349c   Section        0  ssd1306.o(i.SSD1306_DrawLine)
    i.SSD1306_DrawPixel                      0x080035a8   Section        0  ssd1306.o(i.SSD1306_DrawPixel)
    i.SSD1306_Fill                           0x080035e8   Section        0  ssd1306.o(i.SSD1306_Fill)
    i.SSD1306_GotoXY                         0x08003600   Section        0  ssd1306.o(i.SSD1306_GotoXY)
    i.SSD1306_Init                           0x0800360c   Section        0  ssd1306.o(i.SSD1306_Init)
    i.SSD1306_Putc                           0x08003774   Section        0  ssd1306.o(i.SSD1306_Putc)
    i.SSD1306_Puts                           0x08003814   Section        0  ssd1306.o(i.SSD1306_Puts)
    i.SSD1306_UpdateScreen                   0x0800383c   Section        0  ssd1306.o(i.SSD1306_UpdateScreen)
    i.SVC_Handler                            0x08003884   Section        0  stm32f4xx_it.o(i.SVC_Handler)
    i.Show_console                           0x08003888   Section        0  tcs34725.o(i.Show_console)
    i.Store_Colors                           0x080039cc   Section        0  tcs34725.o(i.Store_Colors)
    i.SysTick_Handler                        0x08003a28   Section        0  stm32f4xx_it.o(i.SysTick_Handler)
    i.SystemClock_Config                     0x08003a2c   Section        0  main.o(i.SystemClock_Config)
    i.SystemInit                             0x08003aac   Section        0  system_stm32f4xx.o(i.SystemInit)
    i.TIM3_IRQHandler                        0x08003ac8   Section        0  stm32f4xx_it.o(i.TIM3_IRQHandler)
    i.TIM_Base_SetConfig                     0x08003ad4   Section        0  stm32f4xx_hal_tim.o(i.TIM_Base_SetConfig)
    i.TIM_CCxChannelCmd                      0x08003b9c   Section        0  stm32f4xx_hal_tim.o(i.TIM_CCxChannelCmd)
    i.TIM_ETR_SetConfig                      0x08003bb6   Section        0  stm32f4xx_hal_tim.o(i.TIM_ETR_SetConfig)
    i.TIM_ITRx_SetConfig                     0x08003bca   Section        0  stm32f4xx_hal_tim.o(i.TIM_ITRx_SetConfig)
    TIM_ITRx_SetConfig                       0x08003bcb   Thumb Code    16  stm32f4xx_hal_tim.o(i.TIM_ITRx_SetConfig)
    i.TIM_OC1_SetConfig                      0x08003bdc   Section        0  stm32f4xx_hal_tim.o(i.TIM_OC1_SetConfig)
    TIM_OC1_SetConfig                        0x08003bdd   Thumb Code    88  stm32f4xx_hal_tim.o(i.TIM_OC1_SetConfig)
    i.TIM_OC2_SetConfig                      0x08003c3c   Section        0  stm32f4xx_hal_tim.o(i.TIM_OC2_SetConfig)
    i.TIM_OC3_SetConfig                      0x08003ca8   Section        0  stm32f4xx_hal_tim.o(i.TIM_OC3_SetConfig)
    TIM_OC3_SetConfig                        0x08003ca9   Thumb Code    96  stm32f4xx_hal_tim.o(i.TIM_OC3_SetConfig)
    i.TIM_OC4_SetConfig                      0x08003d10   Section        0  stm32f4xx_hal_tim.o(i.TIM_OC4_SetConfig)
    TIM_OC4_SetConfig                        0x08003d11   Thumb Code    70  stm32f4xx_hal_tim.o(i.TIM_OC4_SetConfig)
    i.TIM_TI1_ConfigInputStage               0x08003d60   Section        0  stm32f4xx_hal_tim.o(i.TIM_TI1_ConfigInputStage)
    TIM_TI1_ConfigInputStage                 0x08003d61   Thumb Code    34  stm32f4xx_hal_tim.o(i.TIM_TI1_ConfigInputStage)
    i.TIM_TI2_ConfigInputStage               0x08003d82   Section        0  stm32f4xx_hal_tim.o(i.TIM_TI2_ConfigInputStage)
    TIM_TI2_ConfigInputStage                 0x08003d83   Thumb Code    36  stm32f4xx_hal_tim.o(i.TIM_TI2_ConfigInputStage)
    i.TestLines                              0x08003da6   Section        0  test.o(i.TestLines)
    i.UART_DMAError                          0x08003f06   Section        0  stm32f4xx_hal_uart.o(i.UART_DMAError)
    UART_DMAError                            0x08003f07   Thumb Code    74  stm32f4xx_hal_uart.o(i.UART_DMAError)
    i.UART_DMAReceiveCplt                    0x08003f50   Section        0  stm32f4xx_hal_uart.o(i.UART_DMAReceiveCplt)
    UART_DMAReceiveCplt                      0x08003f51   Thumb Code    60  stm32f4xx_hal_uart.o(i.UART_DMAReceiveCplt)
    i.UART_DMARxHalfCplt                     0x08003f8c   Section        0  stm32f4xx_hal_uart.o(i.UART_DMARxHalfCplt)
    UART_DMARxHalfCplt                       0x08003f8d   Thumb Code    10  stm32f4xx_hal_uart.o(i.UART_DMARxHalfCplt)
    i.UART_EndRxTransfer                     0x08003f96   Section        0  stm32f4xx_hal_uart.o(i.UART_EndRxTransfer)
    UART_EndRxTransfer                       0x08003f97   Thumb Code    28  stm32f4xx_hal_uart.o(i.UART_EndRxTransfer)
    i.UART_EndTxTransfer                     0x08003fb2   Section        0  stm32f4xx_hal_uart.o(i.UART_EndTxTransfer)
    UART_EndTxTransfer                       0x08003fb3   Thumb Code    18  stm32f4xx_hal_uart.o(i.UART_EndTxTransfer)
    i.UART_SetConfig                         0x08003fc4   Section        0  stm32f4xx_hal_uart.o(i.UART_SetConfig)
    UART_SetConfig                           0x08003fc5   Thumb Code   286  stm32f4xx_hal_uart.o(i.UART_SetConfig)
    i.UART_WaitOnFlagUntilTimeout            0x080040ec   Section        0  stm32f4xx_hal_uart.o(i.UART_WaitOnFlagUntilTimeout)
    UART_WaitOnFlagUntilTimeout              0x080040ed   Thumb Code   100  stm32f4xx_hal_uart.o(i.UART_WaitOnFlagUntilTimeout)
    i.UpPage                                 0x08004150   Section        0  sendwifi.o(i.UpPage)
    i.UsageFault_Handler                     0x08004270   Section        0  stm32f4xx_it.o(i.UsageFault_Handler)
    i.__0sprintf$3                           0x08004274   Section        0  printf3.o(i.__0sprintf$3)
    i.__NVIC_SetPriority                     0x0800429c   Section        0  stm32f4xx_hal_cortex.o(i.__NVIC_SetPriority)
    __NVIC_SetPriority                       0x0800429d   Thumb Code    32  stm32f4xx_hal_cortex.o(i.__NVIC_SetPriority)
    i.__scatterload_copy                     0x080042bc   Section       14  handlers.o(i.__scatterload_copy)
    i.__scatterload_null                     0x080042ca   Section        2  handlers.o(i.__scatterload_null)
    i.__scatterload_zeroinit                 0x080042cc   Section       14  handlers.o(i.__scatterload_zeroinit)
    i._printf_core                           0x080042dc   Section        0  printf3.o(i._printf_core)
    _printf_core                             0x080042dd   Thumb Code   436  printf3.o(i._printf_core)
    i._sputc                                 0x08004494   Section        0  printf3.o(i._sputc)
    _sputc                                   0x08004495   Thumb Code    10  printf3.o(i._sputc)
    i.find_str                               0x080044a0   Section        0  sendwifi.o(i.find_str)
    i.main                                   0x08004504   Section        0  main.o(i.main)
    i.resetvar                               0x080046ac   Section        0  tcs34725.o(i.resetvar)
    i.ssd1306_I2C_Init                       0x080046c0   Section        0  ssd1306.o(i.ssd1306_I2C_Init)
    i.ssd1306_I2C_Write                      0x080046cc   Section        0  ssd1306.o(i.ssd1306_I2C_Write)
    i.ssd1306_I2C_WriteMulti                 0x080046ec   Section        0  ssd1306.o(i.ssd1306_I2C_WriteMulti)
    .constdata                               0x08004724   Section     1900  fonts.o(.constdata)
    .constdata                               0x08004e90   Section     3420  fonts.o(.constdata)
    .constdata                               0x08005bec   Section        8  stm32f4xx_hal_dma.o(.constdata)
    flagBitshiftOffset                       0x08005bec   Data           8  stm32f4xx_hal_dma.o(.constdata)
    .constdata                               0x08005bf4   Section       16  system_stm32f4xx.o(.constdata)
    .constdata                               0x08005c04   Section        8  system_stm32f4xx.o(.constdata)
    .conststring                             0x08005c0c   Section       84  tcs34725.o(.conststring)
    .conststring                             0x08005c60   Section      578  sendwifi.o(.conststring)
    .data                                    0x20000000   Section        8  fonts.o(.data)
    .data                                    0x20000008   Section        8  fonts.o(.data)
    .data                                    0x20000010   Section        6  ssd1306.o(.data)
    SSD1306                                  0x20000010   Data           6  ssd1306.o(.data)
    .data                                    0x20000018   Section        8  writeflash.o(.data)
    MY_SectorNum                             0x20000018   Data           1  writeflash.o(.data)
    MY_SectorAddrs                           0x2000001c   Data           4  writeflash.o(.data)
    .data                                    0x20000020   Section       24  tcs34725.o(.data)
    .data                                    0x20000038   Section        4  servosandbuttons.o(.data)
    .data                                    0x2000003c   Section        1  sendwifi.o(.data)
    .data                                    0x20000040   Section       12  stm32f4xx_hal.o(.data)
    .data                                    0x2000004c   Section        4  system_stm32f4xx.o(.data)
    .bss                                     0x20000050   Section      424  main.o(.bss)
    .bss                                     0x200001f8   Section       96  main.o(.bss)
    .bss                                     0x20000258   Section     1024  ssd1306.o(.bss)
    SSD1306_Buffer                           0x20000258   Data        1024  ssd1306.o(.bss)
    .bss                                     0x20000658   Section       16  tcs34725.o(.bss)
    .bss                                     0x20000668   Section      400  sendwifi.o(.bss)
    .bss                                     0x200007f8   Section       32  stm32f4xx_hal_flash.o(.bss)
    STACK                                    0x20000818   Section     1024  startup_stm32f407xx.o(STACK)

    Global Symbols

    Symbol Name                              Value     Ov Type        Size  Object(Section)

    BuildAttributes$$THM_ISAv4$E$P$D$K$B$S$7EM$VFPi3$EXTD16$VFPS$VFMA$PE$A:L22UL41UL21$X:L11$S22US41US21$IEEE1$IW$USESV6$~STKCKD$USESV7$~SHL$OSPACE$ROPI$EBA8$MICROLIB$REQ8$PRES8$EABIv2 0x00000000   Number         0  anon$$obj.o ABSOLUTE
    __ARM_use_no_argv                        0x00000000   Number         0  main.o ABSOLUTE
    _printf_a                                0x00000000   Number         0  stubs.o ABSOLUTE
    _printf_c                                0x00000000   Number         0  stubs.o ABSOLUTE
    _printf_charcount                        0x00000000   Number         0  stubs.o ABSOLUTE
    _printf_d                                0x00000000   Number         0  stubs.o ABSOLUTE
    _printf_e                                0x00000000   Number         0  stubs.o ABSOLUTE
    _printf_f                                0x00000000   Number         0  stubs.o ABSOLUTE
    _printf_flags                            0x00000000   Number         0  stubs.o ABSOLUTE
    _printf_fp_dec                           0x00000000   Number         0  stubs.o ABSOLUTE
    _printf_fp_hex                           0x00000000   Number         0  stubs.o ABSOLUTE
    _printf_g                                0x00000000   Number         0  stubs.o ABSOLUTE
    _printf_i                                0x00000000   Number         0  stubs.o ABSOLUTE
    _printf_int_dec                          0x00000000   Number         0  stubs.o ABSOLUTE
    _printf_l                                0x00000000   Number         0  stubs.o ABSOLUTE
    _printf_lc                               0x00000000   Number         0  stubs.o ABSOLUTE
    _printf_ll                               0x00000000   Number         0  stubs.o ABSOLUTE
    _printf_lld                              0x00000000   Number         0  stubs.o ABSOLUTE
    _printf_lli                              0x00000000   Number         0  stubs.o ABSOLUTE
    _printf_llo                              0x00000000   Number         0  stubs.o ABSOLUTE
    _printf_llu                              0x00000000   Number         0  stubs.o ABSOLUTE
    _printf_llx                              0x00000000   Number         0  stubs.o ABSOLUTE
    _printf_longlong_dec                     0x00000000   Number         0  stubs.o ABSOLUTE
    _printf_longlong_hex                     0x00000000   Number         0  stubs.o ABSOLUTE
    _printf_longlong_oct                     0x00000000   Number         0  stubs.o ABSOLUTE
    _printf_ls                               0x00000000   Number         0  stubs.o ABSOLUTE
    _printf_mbtowc                           0x00000000   Number         0  stubs.o ABSOLUTE
    _printf_n                                0x00000000   Number         0  stubs.o ABSOLUTE
    _printf_o                                0x00000000   Number         0  stubs.o ABSOLUTE
    _printf_p                                0x00000000   Number         0  stubs.o ABSOLUTE
    _printf_percent                          0x00000000   Number         0  stubs.o ABSOLUTE
    _printf_pre_padding                      0x00000000   Number         0  stubs.o ABSOLUTE
    _printf_return_value                     0x00000000   Number         0  stubs.o ABSOLUTE
    _printf_s                                0x00000000   Number         0  stubs.o ABSOLUTE
    _printf_sizespec                         0x00000000   Number         0  stubs.o ABSOLUTE
    _printf_str                              0x00000000   Number         0  stubs.o ABSOLUTE
    _printf_truncate_signed                  0x00000000   Number         0  stubs.o ABSOLUTE
    _printf_truncate_unsigned                0x00000000   Number         0  stubs.o ABSOLUTE
    _printf_u                                0x00000000   Number         0  stubs.o ABSOLUTE
    _printf_wc                               0x00000000   Number         0  stubs.o ABSOLUTE
    _printf_wctomb                           0x00000000   Number         0  stubs.o ABSOLUTE
    _printf_widthprec                        0x00000000   Number         0  stubs.o ABSOLUTE
    _printf_x                                0x00000000   Number         0  stubs.o ABSOLUTE
    __cpp_initialize__aeabi_                  - Undefined Weak Reference
    __cxa_finalize                            - Undefined Weak Reference
    __decompress                              - Undefined Weak Reference
    _clock_init                               - Undefined Weak Reference
    _microlib_exit                            - Undefined Weak Reference
    __Vectors_Size                           0x00000188   Number         0  startup_stm32f407xx.o ABSOLUTE
    __Vectors                                0x08000000   Data           4  startup_stm32f407xx.o(RESET)
    __Vectors_End                            0x08000188   Data           0  startup_stm32f407xx.o(RESET)
    __main                                   0x08000189   Thumb Code     0  entry.o(.ARM.Collect$$$$00000000)
    _main_stk                                0x08000189   Thumb Code     0  entry2.o(.ARM.Collect$$$$00000001)
    _main_scatterload                        0x0800018d   Thumb Code     0  entry5.o(.ARM.Collect$$$$00000004)
    __main_after_scatterload                 0x08000191   Thumb Code     0  entry5.o(.ARM.Collect$$$$00000004)
    _main_clock                              0x08000191   Thumb Code     0  entry7b.o(.ARM.Collect$$$$00000008)
    _main_cpp_init                           0x08000191   Thumb Code     0  entry8b.o(.ARM.Collect$$$$0000000A)
    _main_init                               0x08000191   Thumb Code     0  entry9a.o(.ARM.Collect$$$$0000000B)
    __rt_final_cpp                           0x08000199   Thumb Code     0  entry10a.o(.ARM.Collect$$$$0000000D)
    __rt_final_exit                          0x08000199   Thumb Code     0  entry11a.o(.ARM.Collect$$$$0000000F)
    Reset_Handler                            0x0800019d   Thumb Code     8  startup_stm32f407xx.o(.text)
    ADC_IRQHandler                           0x080001b7   Thumb Code     0  startup_stm32f407xx.o(.text)
    CAN1_RX0_IRQHandler                      0x080001b7   Thumb Code     0  startup_stm32f407xx.o(.text)
    CAN1_RX1_IRQHandler                      0x080001b7   Thumb Code     0  startup_stm32f407xx.o(.text)
    CAN1_SCE_IRQHandler                      0x080001b7   Thumb Code     0  startup_stm32f407xx.o(.text)
    CAN1_TX_IRQHandler                       0x080001b7   Thumb Code     0  startup_stm32f407xx.o(.text)
    CAN2_RX0_IRQHandler                      0x080001b7   Thumb Code     0  startup_stm32f407xx.o(.text)
    CAN2_RX1_IRQHandler                      0x080001b7   Thumb Code     0  startup_stm32f407xx.o(.text)
    CAN2_SCE_IRQHandler                      0x080001b7   Thumb Code     0  startup_stm32f407xx.o(.text)
    CAN2_TX_IRQHandler                       0x080001b7   Thumb Code     0  startup_stm32f407xx.o(.text)
    DCMI_IRQHandler                          0x080001b7   Thumb Code     0  startup_stm32f407xx.o(.text)
    DMA1_Stream0_IRQHandler                  0x080001b7   Thumb Code     0  startup_stm32f407xx.o(.text)
    DMA1_Stream2_IRQHandler                  0x080001b7   Thumb Code     0  startup_stm32f407xx.o(.text)
    DMA1_Stream3_IRQHandler                  0x080001b7   Thumb Code     0  startup_stm32f407xx.o(.text)
    DMA1_Stream4_IRQHandler                  0x080001b7   Thumb Code     0  startup_stm32f407xx.o(.text)
    DMA1_Stream5_IRQHandler                  0x080001b7   Thumb Code     0  startup_stm32f407xx.o(.text)
    DMA1_Stream6_IRQHandler                  0x080001b7   Thumb Code     0  startup_stm32f407xx.o(.text)
    DMA1_Stream7_IRQHandler                  0x080001b7   Thumb Code     0  startup_stm32f407xx.o(.text)
    DMA2_Stream0_IRQHandler                  0x080001b7   Thumb Code     0  startup_stm32f407xx.o(.text)
    DMA2_Stream1_IRQHandler                  0x080001b7   Thumb Code     0  startup_stm32f407xx.o(.text)
    DMA2_Stream2_IRQHandler                  0x080001b7   Thumb Code     0  startup_stm32f407xx.o(.text)
    DMA2_Stream3_IRQHandler                  0x080001b7   Thumb Code     0  startup_stm32f407xx.o(.text)
    DMA2_Stream4_IRQHandler                  0x080001b7   Thumb Code     0  startup_stm32f407xx.o(.text)
    DMA2_Stream5_IRQHandler                  0x080001b7   Thumb Code     0  startup_stm32f407xx.o(.text)
    DMA2_Stream6_IRQHandler                  0x080001b7   Thumb Code     0  startup_stm32f407xx.o(.text)
    DMA2_Stream7_IRQHandler                  0x080001b7   Thumb Code     0  startup_stm32f407xx.o(.text)
    ETH_IRQHandler                           0x080001b7   Thumb Code     0  startup_stm32f407xx.o(.text)
    ETH_WKUP_IRQHandler                      0x080001b7   Thumb Code     0  startup_stm32f407xx.o(.text)
    EXTI0_IRQHandler                         0x080001b7   Thumb Code     0  startup_stm32f407xx.o(.text)
    EXTI15_10_IRQHandler                     0x080001b7   Thumb Code     0  startup_stm32f407xx.o(.text)
    EXTI1_IRQHandler                         0x080001b7   Thumb Code     0  startup_stm32f407xx.o(.text)
    EXTI2_IRQHandler                         0x080001b7   Thumb Code     0  startup_stm32f407xx.o(.text)
    EXTI3_IRQHandler                         0x080001b7   Thumb Code     0  startup_stm32f407xx.o(.text)
    EXTI4_IRQHandler                         0x080001b7   Thumb Code     0  startup_stm32f407xx.o(.text)
    EXTI9_5_IRQHandler                       0x080001b7   Thumb Code     0  startup_stm32f407xx.o(.text)
    FLASH_IRQHandler                         0x080001b7   Thumb Code     0  startup_stm32f407xx.o(.text)
    FMC_IRQHandler                           0x080001b7   Thumb Code     0  startup_stm32f407xx.o(.text)
    FPU_IRQHandler                           0x080001b7   Thumb Code     0  startup_stm32f407xx.o(.text)
    HASH_RNG_IRQHandler                      0x080001b7   Thumb Code     0  startup_stm32f407xx.o(.text)
    I2C1_ER_IRQHandler                       0x080001b7   Thumb Code     0  startup_stm32f407xx.o(.text)
    I2C1_EV_IRQHandler                       0x080001b7   Thumb Code     0  startup_stm32f407xx.o(.text)
    I2C2_ER_IRQHandler                       0x080001b7   Thumb Code     0  startup_stm32f407xx.o(.text)
    I2C2_EV_IRQHandler                       0x080001b7   Thumb Code     0  startup_stm32f407xx.o(.text)
    I2C3_ER_IRQHandler                       0x080001b7   Thumb Code     0  startup_stm32f407xx.o(.text)
    I2C3_EV_IRQHandler                       0x080001b7   Thumb Code     0  startup_stm32f407xx.o(.text)
    OTG_FS_IRQHandler                        0x080001b7   Thumb Code     0  startup_stm32f407xx.o(.text)
    OTG_FS_WKUP_IRQHandler                   0x080001b7   Thumb Code     0  startup_stm32f407xx.o(.text)
    OTG_HS_EP1_IN_IRQHandler                 0x080001b7   Thumb Code     0  startup_stm32f407xx.o(.text)
    OTG_HS_EP1_OUT_IRQHandler                0x080001b7   Thumb Code     0  startup_stm32f407xx.o(.text)
    OTG_HS_IRQHandler                        0x080001b7   Thumb Code     0  startup_stm32f407xx.o(.text)
    OTG_HS_WKUP_IRQHandler                   0x080001b7   Thumb Code     0  startup_stm32f407xx.o(.text)
    PVD_IRQHandler                           0x080001b7   Thumb Code     0  startup_stm32f407xx.o(.text)
    RCC_IRQHandler                           0x080001b7   Thumb Code     0  startup_stm32f407xx.o(.text)
    RTC_Alarm_IRQHandler                     0x080001b7   Thumb Code     0  startup_stm32f407xx.o(.text)
    RTC_WKUP_IRQHandler                      0x080001b7   Thumb Code     0  startup_stm32f407xx.o(.text)
    SDIO_IRQHandler                          0x080001b7   Thumb Code     0  startup_stm32f407xx.o(.text)
    SPI1_IRQHandler                          0x080001b7   Thumb Code     0  startup_stm32f407xx.o(.text)
    SPI2_IRQHandler                          0x080001b7   Thumb Code     0  startup_stm32f407xx.o(.text)
    SPI3_IRQHandler                          0x080001b7   Thumb Code     0  startup_stm32f407xx.o(.text)
    TAMP_STAMP_IRQHandler                    0x080001b7   Thumb Code     0  startup_stm32f407xx.o(.text)
    TIM1_BRK_TIM9_IRQHandler                 0x080001b7   Thumb Code     0  startup_stm32f407xx.o(.text)
    TIM1_CC_IRQHandler                       0x080001b7   Thumb Code     0  startup_stm32f407xx.o(.text)
    TIM1_TRG_COM_TIM11_IRQHandler            0x080001b7   Thumb Code     0  startup_stm32f407xx.o(.text)
    TIM1_UP_TIM10_IRQHandler                 0x080001b7   Thumb Code     0  startup_stm32f407xx.o(.text)
    TIM2_IRQHandler                          0x080001b7   Thumb Code     0  startup_stm32f407xx.o(.text)
    TIM4_IRQHandler                          0x080001b7   Thumb Code     0  startup_stm32f407xx.o(.text)
    TIM5_IRQHandler                          0x080001b7   Thumb Code     0  startup_stm32f407xx.o(.text)
    TIM6_DAC_IRQHandler                      0x080001b7   Thumb Code     0  startup_stm32f407xx.o(.text)
    TIM7_IRQHandler                          0x080001b7   Thumb Code     0  startup_stm32f407xx.o(.text)
    TIM8_BRK_TIM12_IRQHandler                0x080001b7   Thumb Code     0  startup_stm32f407xx.o(.text)
    TIM8_CC_IRQHandler                       0x080001b7   Thumb Code     0  startup_stm32f407xx.o(.text)
    TIM8_TRG_COM_TIM14_IRQHandler            0x080001b7   Thumb Code     0  startup_stm32f407xx.o(.text)
    TIM8_UP_TIM13_IRQHandler                 0x080001b7   Thumb Code     0  startup_stm32f407xx.o(.text)
    UART4_IRQHandler                         0x080001b7   Thumb Code     0  startup_stm32f407xx.o(.text)
    UART5_IRQHandler                         0x080001b7   Thumb Code     0  startup_stm32f407xx.o(.text)
    USART1_IRQHandler                        0x080001b7   Thumb Code     0  startup_stm32f407xx.o(.text)
    USART2_IRQHandler                        0x080001b7   Thumb Code     0  startup_stm32f407xx.o(.text)
    USART3_IRQHandler                        0x080001b7   Thumb Code     0  startup_stm32f407xx.o(.text)
    USART6_IRQHandler                        0x080001b7   Thumb Code     0  startup_stm32f407xx.o(.text)
    WWDG_IRQHandler                          0x080001b7   Thumb Code     0  startup_stm32f407xx.o(.text)
    __aeabi_uldivmod                         0x080001c1   Thumb Code    98  uldiv.o(.text)
    __aeabi_memset                           0x08000223   Thumb Code    14  memseta.o(.text)
    __aeabi_memset4                          0x08000223   Thumb Code     0  memseta.o(.text)
    __aeabi_memset8                          0x08000223   Thumb Code     0  memseta.o(.text)
    __aeabi_memclr                           0x08000231   Thumb Code     4  memseta.o(.text)
    __aeabi_memclr4                          0x08000231   Thumb Code     0  memseta.o(.text)
    __aeabi_memclr8                          0x08000231   Thumb Code     0  memseta.o(.text)
    _memset$wrapper                          0x08000235   Thumb Code    18  memseta.o(.text)
    strlen                                   0x08000247   Thumb Code    14  strlen.o(.text)
    __aeabi_uidiv                            0x08000255   Thumb Code     0  uidiv.o(.text)
    __aeabi_uidivmod                         0x08000255   Thumb Code    44  uidiv.o(.text)
    __aeabi_llsl                             0x08000281   Thumb Code    30  llshl.o(.text)
    _ll_shift_l                              0x08000281   Thumb Code     0  llshl.o(.text)
    __aeabi_llsr                             0x0800029f   Thumb Code    32  llushr.o(.text)
    _ll_ushift_r                             0x0800029f   Thumb Code     0  llushr.o(.text)
    __scatterload                            0x080002c1   Thumb Code    28  init.o(.text)
    __scatterload_rt2                        0x080002c1   Thumb Code     0  init.o(.text)
    BusFault_Handler                         0x080002e5   Thumb Code     2  stm32f4xx_it.o(i.BusFault_Handler)
    ButtonAceptPressed                       0x080002e9   Thumb Code    96  servosandbuttons.o(i.ButtonAceptPressed)
    ButtonMenu                               0x08000351   Thumb Code   628  servosandbuttons.o(i.ButtonMenu)
    ButtonMenuAction                         0x08000615   Thumb Code   494  servosandbuttons.o(i.ButtonMenuAction)
    ButtonMenuPressed                        0x08000861   Thumb Code    92  servosandbuttons.o(i.ButtonMenuPressed)
    CalibrateColour                          0x080008c9   Thumb Code   470  tcs34725.o(i.CalibrateColour)
    CicleColor                               0x08000b9d   Thumb Code   102  tcs34725.o(i.CicleColor)
    DMA1_Stream1_IRQHandler                  0x08000c09   Thumb Code     6  stm32f4xx_it.o(i.DMA1_Stream1_IRQHandler)
    DebugMon_Handler                         0x08000cb9   Thumb Code     2  stm32f4xx_it.o(i.DebugMon_Handler)
    DefineColour                             0x08000cbd   Thumb Code   428  tcs34725.o(i.DefineColour)
    Error_Handler                            0x08000ee9   Thumb Code     2  main.o(i.Error_Handler)
    FLASH_Erase_Sector                       0x08000eed   Thumb Code    74  stm32f4xx_hal_flash_ex.o(i.FLASH_Erase_Sector)
    FLASH_WaitForLastOperation               0x08001039   Thumb Code    72  stm32f4xx_hal_flash.o(i.FLASH_WaitForLastOperation)
    HAL_DMA_IRQHandler                       0x08001089   Thumb Code   412  stm32f4xx_hal_dma.o(i.HAL_DMA_IRQHandler)
    HAL_DMA_Init                             0x08001229   Thumb Code   206  stm32f4xx_hal_dma.o(i.HAL_DMA_Init)
    HAL_DMA_Start_IT                         0x080012fd   Thumb Code   110  stm32f4xx_hal_dma.o(i.HAL_DMA_Start_IT)
    HAL_Delay                                0x0800136d   Thumb Code    32  stm32f4xx_hal.o(i.HAL_Delay)
    HAL_FLASH_Lock                           0x08001391   Thumb Code    14  stm32f4xx_hal_flash.o(i.HAL_FLASH_Lock)
    HAL_FLASH_Program                        0x080013a5   Thumb Code   116  stm32f4xx_hal_flash.o(i.HAL_FLASH_Program)
    HAL_FLASH_Unlock                         0x08001421   Thumb Code    32  stm32f4xx_hal_flash.o(i.HAL_FLASH_Unlock)
    HAL_GPIO_Init                            0x0800144d   Thumb Code   394  stm32f4xx_hal_gpio.o(i.HAL_GPIO_Init)
    HAL_GPIO_ReadPin                         0x08001605   Thumb Code    10  stm32f4xx_hal_gpio.o(i.HAL_GPIO_ReadPin)
    HAL_GPIO_TogglePin                       0x0800160f   Thumb Code    14  stm32f4xx_hal_gpio.o(i.HAL_GPIO_TogglePin)
    HAL_GPIO_WritePin                        0x0800161d   Thumb Code    10  stm32f4xx_hal_gpio.o(i.HAL_GPIO_WritePin)
    HAL_GetTick                              0x08001629   Thumb Code     6  stm32f4xx_hal.o(i.HAL_GetTick)
    HAL_I2C_Init                             0x08001635   Thumb Code   376  stm32f4xx_hal_i2c.o(i.HAL_I2C_Init)
    HAL_I2C_IsDeviceReady                    0x080017bd   Thumb Code   354  stm32f4xx_hal_i2c.o(i.HAL_I2C_IsDeviceReady)
    HAL_I2C_Master_Receive                   0x08001929   Thumb Code   468  stm32f4xx_hal_i2c.o(i.HAL_I2C_Master_Receive)
    HAL_I2C_Master_Transmit                  0x08001b09   Thumb Code   290  stm32f4xx_hal_i2c.o(i.HAL_I2C_Master_Transmit)
    HAL_I2C_MspInit                          0x08001c35   Thumb Code   142  stm32f4xx_hal_msp.o(i.HAL_I2C_MspInit)
    HAL_IncTick                              0x08001cd5   Thumb Code    12  stm32f4xx_hal.o(i.HAL_IncTick)
    HAL_Init                                 0x08001ce5   Thumb Code    48  stm32f4xx_hal.o(i.HAL_Init)
    HAL_InitTick                             0x08001d19   Thumb Code    54  stm32f4xx_hal.o(i.HAL_InitTick)
    HAL_MspInit                              0x08001d59   Thumb Code    48  stm32f4xx_hal_msp.o(i.HAL_MspInit)
    HAL_NVIC_EnableIRQ                       0x08001d8d   Thumb Code    26  stm32f4xx_hal_cortex.o(i.HAL_NVIC_EnableIRQ)
    HAL_NVIC_SetPriority                     0x08001da9   Thumb Code    60  stm32f4xx_hal_cortex.o(i.HAL_NVIC_SetPriority)
    HAL_NVIC_SetPriorityGrouping             0x08001de9   Thumb Code    26  stm32f4xx_hal_cortex.o(i.HAL_NVIC_SetPriorityGrouping)
    HAL_RCC_ClockConfig                      0x08001e0d   Thumb Code   288  stm32f4xx_hal_rcc.o(i.HAL_RCC_ClockConfig)
    HAL_RCC_GetPCLK1Freq                     0x08001f41   Thumb Code    20  stm32f4xx_hal_rcc.o(i.HAL_RCC_GetPCLK1Freq)
    HAL_RCC_GetPCLK2Freq                     0x08001f61   Thumb Code    20  stm32f4xx_hal_rcc.o(i.HAL_RCC_GetPCLK2Freq)
    HAL_RCC_GetSysClockFreq                  0x08001f81   Thumb Code    88  stm32f4xx_hal_rcc.o(i.HAL_RCC_GetSysClockFreq)
    HAL_RCC_OscConfig                        0x08001fe1   Thumb Code   834  stm32f4xx_hal_rcc.o(i.HAL_RCC_OscConfig)
    HAL_SYSTICK_Config                       0x0800233d   Thumb Code    40  stm32f4xx_hal_cortex.o(i.HAL_SYSTICK_Config)
    HAL_TIMEx_BreakCallback                  0x08002365   Thumb Code     2  stm32f4xx_hal_tim_ex.o(i.HAL_TIMEx_BreakCallback)
    HAL_TIMEx_CommutCallback                 0x08002367   Thumb Code     2  stm32f4xx_hal_tim_ex.o(i.HAL_TIMEx_CommutCallback)
    HAL_TIMEx_MasterConfigSynchronization    0x08002369   Thumb Code   116  stm32f4xx_hal_tim_ex.o(i.HAL_TIMEx_MasterConfigSynchronization)
    HAL_TIM_Base_Init                        0x080023f9   Thumb Code    54  stm32f4xx_hal_tim.o(i.HAL_TIM_Base_Init)
    HAL_TIM_Base_MspInit                     0x08002431   Thumb Code    30  stm32f4xx_hal_msp.o(i.HAL_TIM_Base_MspInit)
    HAL_TIM_ConfigClockSource                0x08002459   Thumb Code   214  stm32f4xx_hal_tim.o(i.HAL_TIM_ConfigClockSource)
    HAL_TIM_IC_CaptureCallback               0x0800252f   Thumb Code     2  stm32f4xx_hal_tim.o(i.HAL_TIM_IC_CaptureCallback)
    HAL_TIM_IRQHandler                       0x08002531   Thumb Code   358  stm32f4xx_hal_tim.o(i.HAL_TIM_IRQHandler)
    HAL_TIM_MspPostInit                      0x08002699   Thumb Code    68  stm32f4xx_hal_msp.o(i.HAL_TIM_MspPostInit)
    HAL_TIM_OC_DelayElapsedCallback          0x080026e9   Thumb Code     2  stm32f4xx_hal_tim.o(i.HAL_TIM_OC_DelayElapsedCallback)
    HAL_TIM_PWM_ConfigChannel                0x080026eb   Thumb Code   208  stm32f4xx_hal_tim.o(i.HAL_TIM_PWM_ConfigChannel)
    HAL_TIM_PWM_Init                         0x080027bb   Thumb Code    54  stm32f4xx_hal_tim.o(i.HAL_TIM_PWM_Init)
    HAL_TIM_PWM_MspInit                      0x080027f1   Thumb Code    50  stm32f4xx_hal_msp.o(i.HAL_TIM_PWM_MspInit)
    HAL_TIM_PWM_PulseFinishedCallback        0x0800282d   Thumb Code     2  stm32f4xx_hal_tim.o(i.HAL_TIM_PWM_PulseFinishedCallback)
    HAL_TIM_PWM_Start                        0x08002831   Thumb Code    58  stm32f4xx_hal_tim.o(i.HAL_TIM_PWM_Start)
    HAL_TIM_PeriodElapsedCallback            0x08002875   Thumb Code     2  stm32f4xx_hal_tim.o(i.HAL_TIM_PeriodElapsedCallback)
    HAL_TIM_TriggerCallback                  0x08002877   Thumb Code     2  stm32f4xx_hal_tim.o(i.HAL_TIM_TriggerCallback)
    HAL_UART_ErrorCallback                   0x08002879   Thumb Code     2  stm32f4xx_hal_uart.o(i.HAL_UART_ErrorCallback)
    HAL_UART_Init                            0x0800287b   Thumb Code    98  stm32f4xx_hal_uart.o(i.HAL_UART_Init)
    HAL_UART_MspInit                         0x080028dd   Thumb Code   200  stm32f4xx_hal_msp.o(i.HAL_UART_MspInit)
    HAL_UART_Receive_DMA                     0x080029c1   Thumb Code   138  stm32f4xx_hal_uart.o(i.HAL_UART_Receive_DMA)
    HAL_UART_RxCpltCallback                  0x08002a59   Thumb Code    44  sendwifi.o(i.HAL_UART_RxCpltCallback)
    HAL_UART_RxHalfCpltCallback              0x08002a95   Thumb Code     2  stm32f4xx_hal_uart.o(i.HAL_UART_RxHalfCpltCallback)
    HAL_UART_Transmit                        0x08002a97   Thumb Code   186  stm32f4xx_hal_uart.o(i.HAL_UART_Transmit)
    HardFault_Handler                        0x08002b51   Thumb Code     2  stm32f4xx_it.o(i.HardFault_Handler)
    InitESP                                  0x08002f05   Thumb Code   110  sendwifi.o(i.InitESP)
    Init_cts34725                            0x08002fa1   Thumb Code    74  tcs34725.o(i.Init_cts34725)
    MY_FLASH_ReadN                           0x08003181   Thumb Code    74  writeflash.o(i.MY_FLASH_ReadN)
    MY_FLASH_SetSectorAddrs                  0x080031d1   Thumb Code     8  writeflash.o(i.MY_FLASH_SetSectorAddrs)
    MY_FLASH_WriteN                          0x080031dd   Thumb Code   142  writeflash.o(i.MY_FLASH_WriteN)
    MemManage_Handler                        0x08003271   Thumb Code     2  stm32f4xx_it.o(i.MemManage_Handler)
    NMI_Handler                              0x08003273   Thumb Code     2  stm32f4xx_it.o(i.NMI_Handler)
    PendSV_Handler                           0x08003275   Thumb Code     2  stm32f4xx_it.o(i.PendSV_Handler)
    PositionServoRamp                        0x08003279   Thumb Code     8  servosandbuttons.o(i.PositionServoRamp)
    PositionServoSensor                      0x08003285   Thumb Code     8  servosandbuttons.o(i.PositionServoSensor)
    Read_cts34725                            0x08003291   Thumb Code   224  tcs34725.o(i.Read_cts34725)
    SSD1306_Clear                            0x08003389   Thumb Code    16  ssd1306.o(i.SSD1306_Clear)
    SSD1306_DrawFilledCircle                 0x08003399   Thumb Code   260  ssd1306.o(i.SSD1306_DrawFilledCircle)
    SSD1306_DrawLine                         0x0800349d   Thumb Code   266  ssd1306.o(i.SSD1306_DrawLine)
    SSD1306_DrawPixel                        0x080035a9   Thumb Code    54  ssd1306.o(i.SSD1306_DrawPixel)
    SSD1306_Fill                             0x080035e9   Thumb Code    18  ssd1306.o(i.SSD1306_Fill)
    SSD1306_GotoXY                           0x08003601   Thumb Code     8  ssd1306.o(i.SSD1306_GotoXY)
    SSD1306_Init                             0x0800360d   Thumb Code   350  ssd1306.o(i.SSD1306_Init)
    SSD1306_Putc                             0x08003775   Thumb Code   156  ssd1306.o(i.SSD1306_Putc)
    SSD1306_Puts                             0x08003815   Thumb Code    40  ssd1306.o(i.SSD1306_Puts)
    SSD1306_UpdateScreen                     0x0800383d   Thumb Code    66  ssd1306.o(i.SSD1306_UpdateScreen)
    SVC_Handler                              0x08003885   Thumb Code     2  stm32f4xx_it.o(i.SVC_Handler)
    Show_console                             0x08003889   Thumb Code   222  tcs34725.o(i.Show_console)
    Store_Colors                             0x080039cd   Thumb Code    46  tcs34725.o(i.Store_Colors)
    SysTick_Handler                          0x08003a29   Thumb Code     4  stm32f4xx_it.o(i.SysTick_Handler)
    SystemClock_Config                       0x08003a2d   Thumb Code   120  main.o(i.SystemClock_Config)
    SystemInit                               0x08003aad   Thumb Code    22  system_stm32f4xx.o(i.SystemInit)
    TIM3_IRQHandler                          0x08003ac9   Thumb Code     6  stm32f4xx_it.o(i.TIM3_IRQHandler)
    TIM_Base_SetConfig                       0x08003ad5   Thumb Code   156  stm32f4xx_hal_tim.o(i.TIM_Base_SetConfig)
    TIM_CCxChannelCmd                        0x08003b9d   Thumb Code    26  stm32f4xx_hal_tim.o(i.TIM_CCxChannelCmd)
    TIM_ETR_SetConfig                        0x08003bb7   Thumb Code    20  stm32f4xx_hal_tim.o(i.TIM_ETR_SetConfig)
    TIM_OC2_SetConfig                        0x08003c3d   Thumb Code    98  stm32f4xx_hal_tim.o(i.TIM_OC2_SetConfig)
    TestLines                                0x08003da7   Thumb Code   352  test.o(i.TestLines)
    UpPage                                   0x08004151   Thumb Code   204  sendwifi.o(i.UpPage)
    UsageFault_Handler                       0x08004271   Thumb Code     2  stm32f4xx_it.o(i.UsageFault_Handler)
    __0sprintf$3                             0x08004275   Thumb Code    34  printf3.o(i.__0sprintf$3)
    __1sprintf$3                             0x08004275   Thumb Code     0  printf3.o(i.__0sprintf$3)
    __2sprintf                               0x08004275   Thumb Code     0  printf3.o(i.__0sprintf$3)
    __scatterload_copy                       0x080042bd   Thumb Code    14  handlers.o(i.__scatterload_copy)
    __scatterload_null                       0x080042cb   Thumb Code     2  handlers.o(i.__scatterload_null)
    __scatterload_zeroinit                   0x080042cd   Thumb Code    14  handlers.o(i.__scatterload_zeroinit)
    find_str                                 0x080044a1   Thumb Code    92  sendwifi.o(i.find_str)
    main                                     0x08004505   Thumb Code   338  main.o(i.main)
    resetvar                                 0x080046ad   Thumb Code    16  tcs34725.o(i.resetvar)
    ssd1306_I2C_Init                         0x080046c1   Thumb Code     8  ssd1306.o(i.ssd1306_I2C_Init)
    ssd1306_I2C_Write                        0x080046cd   Thumb Code    28  ssd1306.o(i.ssd1306_I2C_Write)
    ssd1306_I2C_WriteMulti                   0x080046ed   Thumb Code    50  ssd1306.o(i.ssd1306_I2C_WriteMulti)
    Font7x10                                 0x08004724   Data        1900  fonts.o(.constdata)
    Font11x18                                0x08004e90   Data        3420  fonts.o(.constdata)
    AHBPrescTable                            0x08005bf4   Data          16  system_stm32f4xx.o(.constdata)
    APBPrescTable                            0x08005c04   Data           8  system_stm32f4xx.o(.constdata)
    Region$$Table$$Base                      0x08005ea4   Number         0  anon$$obj.o(Region$$Table)
    Region$$Table$$Limit                     0x08005ec4   Number         0  anon$$obj.o(Region$$Table)
    Font_7x10                                0x20000000   Data           8  fonts.o(.data)
    Font_11x18                               0x20000008   Data           8  fonts.o(.data)
    rojo                                     0x20000020   Data           1  tcs34725.o(.data)
    verde                                    0x20000021   Data           1  tcs34725.o(.data)
    azul                                     0x20000022   Data           1  tcs34725.o(.data)
    morado                                   0x20000023   Data           1  tcs34725.o(.data)
    total                                    0x20000024   Data           1  tcs34725.o(.data)
    Clear_value                              0x20000026   Data           2  tcs34725.o(.data)
    Red_value                                0x20000028   Data           2  tcs34725.o(.data)
    Green_value                              0x2000002a   Data           2  tcs34725.o(.data)
    Blue_value                               0x2000002c   Data           2  tcs34725.o(.data)
    Color_Sensor_Address                     0x20000030   Data           4  tcs34725.o(.data)
    color                                    0x20000034   Data           4  tcs34725.o(.data)
    tempStore                                0x20000038   Data           1  servosandbuttons.o(.data)
    tempBall                                 0x20000039   Data           1  servosandbuttons.o(.data)
    buttoncalibrate                          0x2000003a   Data           1  servosandbuttons.o(.data)
    buttonMenuCount                          0x2000003b   Data           1  servosandbuttons.o(.data)
    chanel                                   0x2000003c   Data           1  sendwifi.o(.data)
    uwTickFreq                               0x20000040   Data           1  stm32f4xx_hal.o(.data)
    uwTickPrio                               0x20000044   Data           4  stm32f4xx_hal.o(.data)
    uwTick                                   0x20000048   Data           4  stm32f4xx_hal.o(.data)
    SystemCoreClock                          0x2000004c   Data           4  system_stm32f4xx.o(.data)
    hi2c1                                    0x20000050   Data          84  main.o(.bss)
    hi2c2                                    0x200000a4   Data          84  main.o(.bss)
    htim3                                    0x200000f8   Data          64  main.o(.bss)
    htim5                                    0x20000138   Data          64  main.o(.bss)
    huart2                                   0x20000178   Data          64  main.o(.bss)
    huart3                                   0x200001b8   Data          64  main.o(.bss)
    hdma_usart3_rx                           0x200001f8   Data          96  main.o(.bss)
    ColorsThreshold                          0x20000658   Data          16  tcs34725.o(.bss)
    rxData                                   0x20000668   Data         400  sendwifi.o(.bss)
    pFlash                                   0x200007f8   Data          32  stm32f4xx_hal_flash.o(.bss)
    __initial_sp                             0x20000c18   Data           0  startup_stm32f407xx.o(STACK)



==============================================================================

Memory Map of the image

  Image Entry point : 0x08000189

  Load Region LR_IROM1 (Base: 0x08000000, Size: 0x00005f14, Max: 0x00100000, ABSOLUTE)

    Execution Region ER_IROM1 (Exec base: 0x08000000, Load base: 0x08000000, Size: 0x00005ec4, Max: 0x00100000, ABSOLUTE)

    Exec Addr    Load Addr    Size         Type   Attr      Idx    E Section Name        Object

    0x08000000   0x08000000   0x00000188   Data   RO            3    RESET               startup_stm32f407xx.o
    0x08000188   0x08000188   0x00000000   Code   RO         3753  * .ARM.Collect$$$$00000000  mc_w.l(entry.o)
    0x08000188   0x08000188   0x00000004   Code   RO         4023    .ARM.Collect$$$$00000001  mc_w.l(entry2.o)
    0x0800018c   0x0800018c   0x00000004   Code   RO         4026    .ARM.Collect$$$$00000004  mc_w.l(entry5.o)
    0x08000190   0x08000190   0x00000000   Code   RO         4028    .ARM.Collect$$$$00000008  mc_w.l(entry7b.o)
    0x08000190   0x08000190   0x00000000   Code   RO         4030    .ARM.Collect$$$$0000000A  mc_w.l(entry8b.o)
    0x08000190   0x08000190   0x00000008   Code   RO         4031    .ARM.Collect$$$$0000000B  mc_w.l(entry9a.o)
    0x08000198   0x08000198   0x00000000   Code   RO         4033    .ARM.Collect$$$$0000000D  mc_w.l(entry10a.o)
    0x08000198   0x08000198   0x00000000   Code   RO         4035    .ARM.Collect$$$$0000000F  mc_w.l(entry11a.o)
    0x08000198   0x08000198   0x00000004   Code   RO         4024    .ARM.Collect$$$$00002712  mc_w.l(entry2.o)
    0x0800019c   0x0800019c   0x00000024   Code   RO            4    .text               startup_stm32f407xx.o
    0x080001c0   0x080001c0   0x00000062   Code   RO         3756    .text               mc_w.l(uldiv.o)
    0x08000222   0x08000222   0x00000024   Code   RO         3758    .text               mc_w.l(memseta.o)
    0x08000246   0x08000246   0x0000000e   Code   RO         3760    .text               mc_w.l(strlen.o)
    0x08000254   0x08000254   0x0000002c   Code   RO         4040    .text               mc_w.l(uidiv.o)
    0x08000280   0x08000280   0x0000001e   Code   RO         4042    .text               mc_w.l(llshl.o)
    0x0800029e   0x0800029e   0x00000020   Code   RO         4044    .text               mc_w.l(llushr.o)
    0x080002be   0x080002be   0x00000002   PAD
    0x080002c0   0x080002c0   0x00000024   Code   RO         4057    .text               mc_w.l(init.o)
    0x080002e4   0x080002e4   0x00000002   Code   RO          206    i.BusFault_Handler  stm32f4xx_it.o
    0x080002e6   0x080002e6   0x00000002   PAD
    0x080002e8   0x080002e8   0x00000068   Code   RO          769    i.ButtonAceptPressed  servosandbuttons.o
    0x08000350   0x08000350   0x000002c4   Code   RO          770    i.ButtonMenu        servosandbuttons.o
    0x08000614   0x08000614   0x0000024c   Code   RO          771    i.ButtonMenuAction  servosandbuttons.o
    0x08000860   0x08000860   0x00000068   Code   RO          772    i.ButtonMenuPressed  servosandbuttons.o
    0x080008c8   0x080008c8   0x000002d4   Code   RO          691    i.CalibrateColour   tcs34725.o
    0x08000b9c   0x08000b9c   0x0000006c   Code   RO          692    i.CicleColor        tcs34725.o
    0x08000c08   0x08000c08   0x0000000c   Code   RO          207    i.DMA1_Stream1_IRQHandler  stm32f4xx_it.o
    0x08000c14   0x08000c14   0x00000028   Code   RO         1791    i.DMA_CalcBaseAndBitshift  stm32f4xx_hal_dma.o
    0x08000c3c   0x08000c3c   0x00000054   Code   RO         1792    i.DMA_CheckFifoParam  stm32f4xx_hal_dma.o
    0x08000c90   0x08000c90   0x00000028   Code   RO         1793    i.DMA_SetConfig     stm32f4xx_hal_dma.o
    0x08000cb8   0x08000cb8   0x00000002   Code   RO          208    i.DebugMon_Handler  stm32f4xx_it.o
    0x08000cba   0x08000cba   0x00000002   PAD
    0x08000cbc   0x08000cbc   0x0000022c   Code   RO          693    i.DefineColour      tcs34725.o
    0x08000ee8   0x08000ee8   0x00000002   Code   RO           13    i.Error_Handler     main.o
    0x08000eea   0x08000eea   0x00000002   PAD
    0x08000eec   0x08000eec   0x00000050   Code   RO         1606    i.FLASH_Erase_Sector  stm32f4xx_hal_flash_ex.o
    0x08000f3c   0x08000f3c   0x00000020   Code   RO         1488    i.FLASH_Program_Byte  stm32f4xx_hal_flash.o
    0x08000f5c   0x08000f5c   0x0000002c   Code   RO         1489    i.FLASH_Program_DoubleWord  stm32f4xx_hal_flash.o
    0x08000f88   0x08000f88   0x00000024   Code   RO         1490    i.FLASH_Program_HalfWord  stm32f4xx_hal_flash.o
    0x08000fac   0x08000fac   0x00000024   Code   RO         1491    i.FLASH_Program_Word  stm32f4xx_hal_flash.o
    0x08000fd0   0x08000fd0   0x00000068   Code   RO         1492    i.FLASH_SetErrorCode  stm32f4xx_hal_flash.o
    0x08001038   0x08001038   0x00000050   Code   RO         1493    i.FLASH_WaitForLastOperation  stm32f4xx_hal_flash.o
    0x08001088   0x08001088   0x000001a0   Code   RO         1799    i.HAL_DMA_IRQHandler  stm32f4xx_hal_dma.o
    0x08001228   0x08001228   0x000000d4   Code   RO         1800    i.HAL_DMA_Init      stm32f4xx_hal_dma.o
    0x080012fc   0x080012fc   0x0000006e   Code   RO         1804    i.HAL_DMA_Start_IT  stm32f4xx_hal_dma.o
    0x0800136a   0x0800136a   0x00000002   PAD
    0x0800136c   0x0800136c   0x00000024   Code   RO         2213    i.HAL_Delay         stm32f4xx_hal.o
    0x08001390   0x08001390   0x00000014   Code   RO         1497    i.HAL_FLASH_Lock    stm32f4xx_hal_flash.o
    0x080013a4   0x080013a4   0x0000007c   Code   RO         1502    i.HAL_FLASH_Program  stm32f4xx_hal_flash.o
    0x08001420   0x08001420   0x0000002c   Code   RO         1504    i.HAL_FLASH_Unlock  stm32f4xx_hal_flash.o
    0x0800144c   0x0800144c   0x000001b8   Code   RO         1687    i.HAL_GPIO_Init     stm32f4xx_hal_gpio.o
    0x08001604   0x08001604   0x0000000a   Code   RO         1689    i.HAL_GPIO_ReadPin  stm32f4xx_hal_gpio.o
    0x0800160e   0x0800160e   0x0000000e   Code   RO         1690    i.HAL_GPIO_TogglePin  stm32f4xx_hal_gpio.o
    0x0800161c   0x0800161c   0x0000000a   Code   RO         1691    i.HAL_GPIO_WritePin  stm32f4xx_hal_gpio.o
    0x08001626   0x08001626   0x00000002   PAD
    0x08001628   0x08001628   0x0000000c   Code   RO         2219    i.HAL_GetTick       stm32f4xx_hal.o
    0x08001634   0x08001634   0x00000188   Code   RO          898    i.HAL_I2C_Init      stm32f4xx_hal_i2c.o
    0x080017bc   0x080017bc   0x0000016c   Code   RO          899    i.HAL_I2C_IsDeviceReady  stm32f4xx_hal_i2c.o
    0x08001928   0x08001928   0x000001e0   Code   RO          904    i.HAL_I2C_Master_Receive  stm32f4xx_hal_i2c.o
    0x08001b08   0x08001b08   0x0000012c   Code   RO          911    i.HAL_I2C_Master_Transmit  stm32f4xx_hal_i2c.o
    0x08001c34   0x08001c34   0x000000a0   Code   RO          299    i.HAL_I2C_MspInit   stm32f4xx_hal_msp.o
    0x08001cd4   0x08001cd4   0x00000010   Code   RO         2225    i.HAL_IncTick       stm32f4xx_hal.o
    0x08001ce4   0x08001ce4   0x00000034   Code   RO         2226    i.HAL_Init          stm32f4xx_hal.o
    0x08001d18   0x08001d18   0x00000040   Code   RO         2227    i.HAL_InitTick      stm32f4xx_hal.o
    0x08001d58   0x08001d58   0x00000034   Code   RO          300    i.HAL_MspInit       stm32f4xx_hal_msp.o
    0x08001d8c   0x08001d8c   0x0000001a   Code   RO         2076    i.HAL_NVIC_EnableIRQ  stm32f4xx_hal_cortex.o
    0x08001da6   0x08001da6   0x00000002   PAD
    0x08001da8   0x08001da8   0x00000040   Code   RO         2082    i.HAL_NVIC_SetPriority  stm32f4xx_hal_cortex.o
    0x08001de8   0x08001de8   0x00000024   Code   RO         2083    i.HAL_NVIC_SetPriorityGrouping  stm32f4xx_hal_cortex.o
    0x08001e0c   0x08001e0c   0x00000134   Code   RO         1333    i.HAL_RCC_ClockConfig  stm32f4xx_hal_rcc.o
    0x08001f40   0x08001f40   0x00000020   Code   RO         1340    i.HAL_RCC_GetPCLK1Freq  stm32f4xx_hal_rcc.o
    0x08001f60   0x08001f60   0x00000020   Code   RO         1341    i.HAL_RCC_GetPCLK2Freq  stm32f4xx_hal_rcc.o
    0x08001f80   0x08001f80   0x00000060   Code   RO         1342    i.HAL_RCC_GetSysClockFreq  stm32f4xx_hal_rcc.o
    0x08001fe0   0x08001fe0   0x0000035c   Code   RO         1345    i.HAL_RCC_OscConfig  stm32f4xx_hal_rcc.o
    0x0800233c   0x0800233c   0x00000028   Code   RO         2087    i.HAL_SYSTICK_Config  stm32f4xx_hal_cortex.o
    0x08002364   0x08002364   0x00000002   Code   RO         3141    i.HAL_TIMEx_BreakCallback  stm32f4xx_hal_tim_ex.o
    0x08002366   0x08002366   0x00000002   Code   RO         3142    i.HAL_TIMEx_CommutCallback  stm32f4xx_hal_tim_ex.o
    0x08002368   0x08002368   0x00000090   Code   RO         3159    i.HAL_TIMEx_MasterConfigSynchronization  stm32f4xx_hal_tim_ex.o
    0x080023f8   0x080023f8   0x00000036   Code   RO         2466    i.HAL_TIM_Base_Init  stm32f4xx_hal_tim.o
    0x0800242e   0x0800242e   0x00000002   PAD
    0x08002430   0x08002430   0x00000028   Code   RO          302    i.HAL_TIM_Base_MspInit  stm32f4xx_hal_msp.o
    0x08002458   0x08002458   0x000000d6   Code   RO         2475    i.HAL_TIM_ConfigClockSource  stm32f4xx_hal_tim.o
    0x0800252e   0x0800252e   0x00000002   Code   RO         2495    i.HAL_TIM_IC_CaptureCallback  stm32f4xx_hal_tim.o
    0x08002530   0x08002530   0x00000166   Code   RO         2509    i.HAL_TIM_IRQHandler  stm32f4xx_hal_tim.o
    0x08002696   0x08002696   0x00000002   PAD
    0x08002698   0x08002698   0x00000050   Code   RO          303    i.HAL_TIM_MspPostInit  stm32f4xx_hal_msp.o
    0x080026e8   0x080026e8   0x00000002   Code   RO         2512    i.HAL_TIM_OC_DelayElapsedCallback  stm32f4xx_hal_tim.o
    0x080026ea   0x080026ea   0x000000d0   Code   RO         2533    i.HAL_TIM_PWM_ConfigChannel  stm32f4xx_hal_tim.o
    0x080027ba   0x080027ba   0x00000036   Code   RO         2536    i.HAL_TIM_PWM_Init  stm32f4xx_hal_tim.o
    0x080027f0   0x080027f0   0x0000003c   Code   RO          305    i.HAL_TIM_PWM_MspInit  stm32f4xx_hal_msp.o
    0x0800282c   0x0800282c   0x00000002   Code   RO         2539    i.HAL_TIM_PWM_PulseFinishedCallback  stm32f4xx_hal_tim.o
    0x0800282e   0x0800282e   0x00000002   PAD
    0x08002830   0x08002830   0x00000044   Code   RO         2541    i.HAL_TIM_PWM_Start  stm32f4xx_hal_tim.o
    0x08002874   0x08002874   0x00000002   Code   RO         2547    i.HAL_TIM_PeriodElapsedCallback  stm32f4xx_hal_tim.o
    0x08002876   0x08002876   0x00000002   Code   RO         2552    i.HAL_TIM_TriggerCallback  stm32f4xx_hal_tim.o
    0x08002878   0x08002878   0x00000002   Code   RO         3413    i.HAL_UART_ErrorCallback  stm32f4xx_hal_uart.o
    0x0800287a   0x0800287a   0x00000062   Code   RO         3417    i.HAL_UART_Init     stm32f4xx_hal_uart.o
    0x080028dc   0x080028dc   0x000000e4   Code   RO          307    i.HAL_UART_MspInit  stm32f4xx_hal_msp.o
    0x080029c0   0x080029c0   0x00000098   Code   RO         3421    i.HAL_UART_Receive_DMA  stm32f4xx_hal_uart.o
    0x08002a58   0x08002a58   0x0000003c   Code   RO          837    i.HAL_UART_RxCpltCallback  sendwifi.o
    0x08002a94   0x08002a94   0x00000002   Code   RO         3424    i.HAL_UART_RxHalfCpltCallback  stm32f4xx_hal_uart.o
    0x08002a96   0x08002a96   0x000000ba   Code   RO         3425    i.HAL_UART_Transmit  stm32f4xx_hal_uart.o
    0x08002b50   0x08002b50   0x00000002   Code   RO          209    i.HardFault_Handler  stm32f4xx_it.o
    0x08002b52   0x08002b52   0x0000002e   Code   RO          940    i.I2C_IsAcknowledgeFailed  stm32f4xx_hal_i2c.o
    0x08002b80   0x08002b80   0x000000ec   Code   RO          943    i.I2C_MasterRequestRead  stm32f4xx_hal_i2c.o
    0x08002c6c   0x08002c6c   0x0000009c   Code   RO          944    i.I2C_MasterRequestWrite  stm32f4xx_hal_i2c.o
    0x08002d08   0x08002d08   0x0000004c   Code   RO          954    i.I2C_WaitOnBTFFlagUntilTimeout  stm32f4xx_hal_i2c.o
    0x08002d54   0x08002d54   0x00000068   Code   RO          955    i.I2C_WaitOnFlagUntilTimeout  stm32f4xx_hal_i2c.o
    0x08002dbc   0x08002dbc   0x00000096   Code   RO          956    i.I2C_WaitOnMasterAddressFlagUntilTimeout  stm32f4xx_hal_i2c.o
    0x08002e52   0x08002e52   0x00000066   Code   RO          957    i.I2C_WaitOnRXNEFlagUntilTimeout  stm32f4xx_hal_i2c.o
    0x08002eb8   0x08002eb8   0x0000004c   Code   RO          958    i.I2C_WaitOnTXEFlagUntilTimeout  stm32f4xx_hal_i2c.o
    0x08002f04   0x08002f04   0x0000009c   Code   RO          838    i.InitESP           sendwifi.o
    0x08002fa0   0x08002fa0   0x00000060   Code   RO          694    i.Init_cts34725     tcs34725.o
    0x08003000   0x08003000   0x000000c0   Code   RO           14    i.MX_GPIO_Init      main.o
    0x080030c0   0x080030c0   0x0000006c   Code   RO           15    i.MX_TIM3_Init      main.o
    0x0800312c   0x0800312c   0x00000054   Code   RO           16    i.MX_TIM5_Init      main.o
    0x08003180   0x08003180   0x00000050   Code   RO          653    i.MY_FLASH_ReadN    writeflash.o
    0x080031d0   0x080031d0   0x0000000c   Code   RO          654    i.MY_FLASH_SetSectorAddrs  writeflash.o
    0x080031dc   0x080031dc   0x00000094   Code   RO          655    i.MY_FLASH_WriteN   writeflash.o
    0x08003270   0x08003270   0x00000002   Code   RO          210    i.MemManage_Handler  stm32f4xx_it.o
    0x08003272   0x08003272   0x00000002   Code   RO          211    i.NMI_Handler       stm32f4xx_it.o
    0x08003274   0x08003274   0x00000002   Code   RO          212    i.PendSV_Handler    stm32f4xx_it.o
    0x08003276   0x08003276   0x00000002   PAD
    0x08003278   0x08003278   0x0000000c   Code   RO          774    i.PositionServoRamp  servosandbuttons.o
    0x08003284   0x08003284   0x0000000c   Code   RO          775    i.PositionServoSensor  servosandbuttons.o
    0x08003290   0x08003290   0x000000f8   Code   RO          695    i.Read_cts34725     tcs34725.o
    0x08003388   0x08003388   0x00000010   Code   RO          412    i.SSD1306_Clear     ssd1306.o
    0x08003398   0x08003398   0x00000104   Code   RO          415    i.SSD1306_DrawFilledCircle  ssd1306.o
    0x0800349c   0x0800349c   0x0000010a   Code   RO          418    i.SSD1306_DrawLine  ssd1306.o
    0x080035a6   0x080035a6   0x00000002   PAD
    0x080035a8   0x080035a8   0x00000040   Code   RO          419    i.SSD1306_DrawPixel  ssd1306.o
    0x080035e8   0x080035e8   0x00000018   Code   RO          422    i.SSD1306_Fill      ssd1306.o
    0x08003600   0x08003600   0x0000000c   Code   RO          423    i.SSD1306_GotoXY    ssd1306.o
    0x0800360c   0x0800360c   0x00000168   Code   RO          424    i.SSD1306_Init      ssd1306.o
    0x08003774   0x08003774   0x000000a0   Code   RO          428    i.SSD1306_Putc      ssd1306.o
    0x08003814   0x08003814   0x00000028   Code   RO          429    i.SSD1306_Puts      ssd1306.o
    0x0800383c   0x0800383c   0x00000048   Code   RO          436    i.SSD1306_UpdateScreen  ssd1306.o
    0x08003884   0x08003884   0x00000002   Code   RO          213    i.SVC_Handler       stm32f4xx_it.o
    0x08003886   0x08003886   0x00000002   PAD
    0x08003888   0x08003888   0x00000144   Code   RO          696    i.Show_console      tcs34725.o
    0x080039cc   0x080039cc   0x0000005c   Code   RO          697    i.Store_Colors      tcs34725.o
    0x08003a28   0x08003a28   0x00000004   Code   RO          214    i.SysTick_Handler   stm32f4xx_it.o
    0x08003a2c   0x08003a2c   0x00000080   Code   RO           17    i.SystemClock_Config  main.o
    0x08003aac   0x08003aac   0x0000001c   Code   RO         3719    i.SystemInit        system_stm32f4xx.o
    0x08003ac8   0x08003ac8   0x0000000c   Code   RO          215    i.TIM3_IRQHandler   stm32f4xx_it.o
    0x08003ad4   0x08003ad4   0x000000c8   Code   RO         2554    i.TIM_Base_SetConfig  stm32f4xx_hal_tim.o
    0x08003b9c   0x08003b9c   0x0000001a   Code   RO         2555    i.TIM_CCxChannelCmd  stm32f4xx_hal_tim.o
    0x08003bb6   0x08003bb6   0x00000014   Code   RO         2565    i.TIM_ETR_SetConfig  stm32f4xx_hal_tim.o
    0x08003bca   0x08003bca   0x00000010   Code   RO         2566    i.TIM_ITRx_SetConfig  stm32f4xx_hal_tim.o
    0x08003bda   0x08003bda   0x00000002   PAD
    0x08003bdc   0x08003bdc   0x00000060   Code   RO         2567    i.TIM_OC1_SetConfig  stm32f4xx_hal_tim.o
    0x08003c3c   0x08003c3c   0x0000006c   Code   RO         2568    i.TIM_OC2_SetConfig  stm32f4xx_hal_tim.o
    0x08003ca8   0x08003ca8   0x00000068   Code   RO         2569    i.TIM_OC3_SetConfig  stm32f4xx_hal_tim.o
    0x08003d10   0x08003d10   0x00000050   Code   RO         2570    i.TIM_OC4_SetConfig  stm32f4xx_hal_tim.o
    0x08003d60   0x08003d60   0x00000022   Code   RO         2572    i.TIM_TI1_ConfigInputStage  stm32f4xx_hal_tim.o
    0x08003d82   0x08003d82   0x00000024   Code   RO         2574    i.TIM_TI2_ConfigInputStage  stm32f4xx_hal_tim.o
    0x08003da6   0x08003da6   0x00000160   Code   RO          602    i.TestLines         test.o
    0x08003f06   0x08003f06   0x0000004a   Code   RO         3431    i.UART_DMAError     stm32f4xx_hal_uart.o
    0x08003f50   0x08003f50   0x0000003c   Code   RO         3432    i.UART_DMAReceiveCplt  stm32f4xx_hal_uart.o
    0x08003f8c   0x08003f8c   0x0000000a   Code   RO         3434    i.UART_DMARxHalfCplt  stm32f4xx_hal_uart.o
    0x08003f96   0x08003f96   0x0000001c   Code   RO         3440    i.UART_EndRxTransfer  stm32f4xx_hal_uart.o
    0x08003fb2   0x08003fb2   0x00000012   Code   RO         3441    i.UART_EndTxTransfer  stm32f4xx_hal_uart.o
    0x08003fc4   0x08003fc4   0x00000128   Code   RO         3443    i.UART_SetConfig    stm32f4xx_hal_uart.o
    0x080040ec   0x080040ec   0x00000064   Code   RO         3445    i.UART_WaitOnFlagUntilTimeout  stm32f4xx_hal_uart.o
    0x08004150   0x08004150   0x00000120   Code   RO          839    i.UpPage            sendwifi.o
    0x08004270   0x08004270   0x00000002   Code   RO          216    i.UsageFault_Handler  stm32f4xx_it.o
    0x08004272   0x08004272   0x00000002   PAD
    0x08004274   0x08004274   0x00000028   Code   RO         3853    i.__0sprintf$3      mc_w.l(printf3.o)
    0x0800429c   0x0800429c   0x00000020   Code   RO         2089    i.__NVIC_SetPriority  stm32f4xx_hal_cortex.o
    0x080042bc   0x080042bc   0x0000000e   Code   RO         4067    i.__scatterload_copy  mc_w.l(handlers.o)
    0x080042ca   0x080042ca   0x00000002   Code   RO         4068    i.__scatterload_null  mc_w.l(handlers.o)
    0x080042cc   0x080042cc   0x0000000e   Code   RO         4069    i.__scatterload_zeroinit  mc_w.l(handlers.o)
    0x080042da   0x080042da   0x00000002   PAD
    0x080042dc   0x080042dc   0x000001b8   Code   RO         3858    i._printf_core      mc_w.l(printf3.o)
    0x08004494   0x08004494   0x0000000a   Code   RO         3860    i._sputc            mc_w.l(printf3.o)
    0x0800449e   0x0800449e   0x00000002   PAD
    0x080044a0   0x080044a0   0x00000064   Code   RO          840    i.find_str          sendwifi.o
    0x08004504   0x08004504   0x000001a8   Code   RO           18    i.main              main.o
    0x080046ac   0x080046ac   0x00000014   Code   RO          699    i.resetvar          tcs34725.o
    0x080046c0   0x080046c0   0x0000000c   Code   RO          437    i.ssd1306_I2C_Init  ssd1306.o
    0x080046cc   0x080046cc   0x00000020   Code   RO          438    i.ssd1306_I2C_Write  ssd1306.o
    0x080046ec   0x080046ec   0x00000038   Code   RO          439    i.ssd1306_I2C_WriteMulti  ssd1306.o
    0x08004724   0x08004724   0x0000076c   Data   RO          378    .constdata          fonts.o
    0x08004e90   0x08004e90   0x00000d5c   Data   RO          379    .constdata          fonts.o
    0x08005bec   0x08005bec   0x00000008   Data   RO         1806    .constdata          stm32f4xx_hal_dma.o
    0x08005bf4   0x08005bf4   0x00000010   Data   RO         3720    .constdata          system_stm32f4xx.o
    0x08005c04   0x08005c04   0x00000008   Data   RO         3721    .constdata          system_stm32f4xx.o
    0x08005c0c   0x08005c0c   0x00000054   Data   RO          701    .conststring        tcs34725.o
    0x08005c60   0x08005c60   0x00000242   Data   RO          842    .conststring        sendwifi.o
    0x08005ea2   0x08005ea2   0x00000002   PAD
    0x08005ea4   0x08005ea4   0x00000020   Data   RO         4065    Region$$Table       anon$$obj.o


    Execution Region RW_IRAM1 (Exec base: 0x20000000, Load base: 0x08005ec4, Size: 0x00000c18, Max: 0x00020000, ABSOLUTE)

    Exec Addr    Load Addr    Size         Type   Attr      Idx    E Section Name        Object

    0x20000000   0x08005ec4   0x00000008   Data   RW          381    .data               fonts.o
    0x20000008   0x08005ecc   0x00000008   Data   RW          382    .data               fonts.o
    0x20000010   0x08005ed4   0x00000006   Data   RW          441    .data               ssd1306.o
    0x20000016   0x08005eda   0x00000002   PAD
    0x20000018   0x08005edc   0x00000008   Data   RW          656    .data               writeflash.o
    0x20000020   0x08005ee4   0x00000018   Data   RW          702    .data               tcs34725.o
    0x20000038   0x08005efc   0x00000004   Data   RW          777    .data               servosandbuttons.o
    0x2000003c   0x08005f00   0x00000001   Data   RW          844    .data               sendwifi.o
    0x2000003d   0x08005f01   0x00000003   PAD
    0x20000040   0x08005f04   0x0000000c   Data   RW         2233    .data               stm32f4xx_hal.o
    0x2000004c   0x08005f10   0x00000004   Data   RW         3722    .data               system_stm32f4xx.o
    0x20000050        -       0x000001a8   Zero   RW           19    .bss                main.o
    0x200001f8        -       0x00000060   Zero   RW           20    .bss                main.o
    0x20000258        -       0x00000400   Zero   RW          440    .bss                ssd1306.o
    0x20000658        -       0x00000010   Zero   RW          700    .bss                tcs34725.o
    0x20000668        -       0x00000190   Zero   RW          841    .bss                sendwifi.o
    0x200007f8        -       0x00000020   Zero   RW         1505    .bss                stm32f4xx_hal_flash.o
    0x20000818        -       0x00000400   Zero   RW            1    STACK               startup_stm32f407xx.o


==============================================================================

Image component sizes


      Code (inc. data)   RO Data    RW Data    ZI Data      Debug   Object Name

         0          0       5320         16          0       1451   fonts.o
       938        132          0          0        520     702072   main.o
       604        154        578          1        400       3397   sendwifi.o
      1528        202          0          4          0       5089   servosandbuttons.o
      1374         54          0          6       1024      11588   ssd1306.o
        36          8        392          0       1024        836   startup_stm32f407xx.o
       180         28          0         12          0       9393   stm32f4xx_hal.o
       198         14          0          0          0      33935   stm32f4xx_hal_cortex.o
       902         16          8          0          0       5795   stm32f4xx_hal_dma.o
       520         66          0          0         32       6582   stm32f4xx_hal_flash.o
        80          6          0          0          0        737   stm32f4xx_hal_flash_ex.o
       474         46          0          0          0       3676   stm32f4xx_hal_gpio.o
      2482         60          0          0          0      13946   stm32f4xx_hal_i2c.o
       620         82          0          0          0       4495   stm32f4xx_hal_msp.o
      1328         78          0          0          0       5220   stm32f4xx_hal_rcc.o
      1686         90          0          0          0      15884   stm32f4xx_hal_tim.o
       148         28          0          0          0       2449   stm32f4xx_hal_tim_ex.o
      1026         24          0          0          0       8998   stm32f4xx_hal_uart.o
        44         12          0          0          0       5006   stm32f4xx_it.o
        28          6         24          4          0       1127   system_stm32f4xx.o
      2168        586         84         24         16       6907   tcs34725.o
       352          0          0          0          0       1188   test.o
       240         16          0          8          0       3049   writeflash.o

    ----------------------------------------------------------------------
     16984       1708       6440         80       3016     852820   Object Totals
         0          0         32          0          0          0   (incl. Generated)
        28          0          2          5          0          0   (incl. Padding)

    ----------------------------------------------------------------------

      Code (inc. data)   RO Data    RW Data    ZI Data      Debug   Library Member Name

         0          0          0          0          0          0   entry.o
         0          0          0          0          0          0   entry10a.o
         0          0          0          0          0          0   entry11a.o
         8          4          0          0          0          0   entry2.o
         4          0          0          0          0          0   entry5.o
         0          0          0          0          0          0   entry7b.o
         0          0          0          0          0          0   entry8b.o
         8          4          0          0          0          0   entry9a.o
        30          0          0          0          0          0   handlers.o
        36          8          0          0          0         68   init.o
        30          0          0          0          0         68   llshl.o
        32          0          0          0          0         68   llushr.o
        36          0          0          0          0        108   memseta.o
       490         10          0          0          0        252   printf3.o
        14          0          0          0          0         68   strlen.o
        44          0          0          0          0         80   uidiv.o
        98          0          0          0          0         92   uldiv.o

    ----------------------------------------------------------------------
       836         26          0          0          0        804   Library Totals
         6          0          0          0          0          0   (incl. Padding)

    ----------------------------------------------------------------------

      Code (inc. data)   RO Data    RW Data    ZI Data      Debug   Library Name

       830         26          0          0          0        804   mc_w.l

    ----------------------------------------------------------------------
       836         26          0          0          0        804   Library Totals

    ----------------------------------------------------------------------

==============================================================================


      Code (inc. data)   RO Data    RW Data    ZI Data      Debug   

     17820       1734       6440         80       3016     840116   Grand Totals
     17820       1734       6440         80       3016     840116   ELF Image Totals
     17820       1734       6440         80          0          0   ROM Totals

==============================================================================

    Total RO  Size (Code + RO Data)                24260 (  23.69kB)
    Total RW  Size (RW Data + ZI Data)              3096 (   3.02kB)
    Total ROM Size (Code + RO Data + RW Data)      24340 (  23.77kB)

==============================================================================

