<html>
<body>
<pre>
<h1>µVision Build Log</h1>
<h2>Tool Versions:</h2>
IDE-Version: µVision V5.29.0.0
Copyright (C) 2019 ARM Ltd and ARM Germany GmbH. All rights reserved.
License Information: Melxo Brujo, HP Inc., LIC=----
 
Tool Versions:
Toolchain:       MDK-Lite  Version: 5.29.0.0
Toolchain Path:  C:\Keil_v5\ARM\ARMCC\Bin
C Compiler:      Armcc.exe V5.06 update 6 (build 750)
Assembler:       Armasm.exe V5.06 update 6 (build 750)
Linker/Locator:  ArmLink.exe V5.06 update 6 (build 750)
Library Manager: ArmAr.exe V5.06 update 6 (build 750)
Hex Converter:   FromElf.exe V5.06 update 6 (build 750)
CPU DLL:         SARMCM3.DLL V5.29.0.0
Dialog DLL:      DCM.DLL V1.17.3.0
Target DLL:      STLink\ST-LINKIII-KEIL_SWO.dll V3.0.7.0
Dialog DLL:      TCM.DLL V1.36.5.0
 
<h2>Project:</h2>
D:\Proyectos\GitHub S-Bou\RGBSensor\MDK-ARM\RGBSensorProyect.uvprojx
Project File Date:  02/23/2020

<h2>Output:</h2>
*** Using Compiler 'V5.06 update 6 (build 750)', folder: 'C:\Keil_v5\ARM\ARMCC\Bin'
Build target 'RGBSensorProyect'
compiling servosandbuttons.c...
..\..\Libraries_stm32f4\Libraries for OLED 128x64\ssd1306.h(241): warning:  #1295-D: Deprecated declaration ssd1306_I2C_Init - give arg types
  void ssd1306_I2C_Init();
..\..\Libraries_stm32f4\servosandbuttons.c(139): warning:  #188-D: enumerated type mixed with another type
  		SSD1306_Puts (uartComAT, &Font_7x10, 1);   
..\..\Libraries_stm32f4\servosandbuttons.c(142): warning:  #188-D: enumerated type mixed with another type
  		SSD1306_Puts (uartComAT, &Font_7x10, 1);   
..\..\Libraries_stm32f4\servosandbuttons.c(145): warning:  #188-D: enumerated type mixed with another type
  		SSD1306_Puts (uartComAT, &Font_7x10, 1);   
..\..\Libraries_stm32f4\servosandbuttons.c(148): warning:  #188-D: enumerated type mixed with another type
  		SSD1306_Puts (uartComAT, &Font_7x10, 1);   
..\..\Libraries_stm32f4\servosandbuttons.c(152): warning:  #188-D: enumerated type mixed with another type
  		SSD1306_Puts (uartComAT, &Font_7x10, 1);   
..\..\Libraries_stm32f4\servosandbuttons.c(182): warning:  #188-D: enumerated type mixed with another type
  		SSD1306_Puts (uartComAT, &Font_7x10, 1);   
..\..\Libraries_stm32f4\servosandbuttons.c(185): warning:  #188-D: enumerated type mixed with another type
  		SSD1306_Puts (uartComAT, &Font_7x10, 1);   
..\..\Libraries_stm32f4\servosandbuttons.c(188): warning:  #188-D: enumerated type mixed with another type
  		SSD1306_Puts (uartComAT, &Font_7x10, 1);   
..\..\Libraries_stm32f4\servosandbuttons.c(191): warning:  #188-D: enumerated type mixed with another type
  		SSD1306_Puts (uartComAT, &Font_7x10, 1);   
..\..\Libraries_stm32f4\servosandbuttons.c(195): warning:  #188-D: enumerated type mixed with another type
  		SSD1306_Puts (uartComAT, &Font_7x10, 1);   
..\..\Libraries_stm32f4\servosandbuttons.c(215): warning:  #188-D: enumerated type mixed with another type
  		SSD1306_Puts (uartComAT, &Font_7x10, 1);  
..\..\Libraries_stm32f4\servosandbuttons.c(218): warning:  #188-D: enumerated type mixed with another type
  		SSD1306_Puts (uartComAT, &Font_7x10, 1);   
..\..\Libraries_stm32f4\servosandbuttons.c(221): warning:  #188-D: enumerated type mixed with another type
  		SSD1306_Puts (uartComAT, &Font_7x10, 1);   
..\..\Libraries_stm32f4\servosandbuttons.c(224): warning:  #188-D: enumerated type mixed with another type
  		SSD1306_Puts (uartComAT, &Font_7x10, 1);   
..\..\Libraries_stm32f4\servosandbuttons.c(227): warning:  #188-D: enumerated type mixed with another type
  		SSD1306_Puts (uartComAT, &Font_7x10, 1);
..\..\Libraries_stm32f4\servosandbuttons.c(228): warning:  #188-D: enumerated type mixed with another type
  		SSD1306_DrawFilledCircle(5, 19, 4, 1);
..\..\Libraries_stm32f4\servosandbuttons.c(236): warning:  #188-D: enumerated type mixed with another type
  		SSD1306_Puts (uartComAT, &Font_7x10, 1);  
..\..\Libraries_stm32f4\servosandbuttons.c(239): warning:  #188-D: enumerated type mixed with another type
  		SSD1306_Puts (uartComAT, &Font_7x10, 1);   
..\..\Libraries_stm32f4\servosandbuttons.c(242): warning:  #188-D: enumerated type mixed with another type
  		SSD1306_Puts (uartComAT, &Font_7x10, 1);   
..\..\Libraries_stm32f4\servosandbuttons.c(245): warning:  #188-D: enumerated type mixed with another type
  		SSD1306_Puts (uartComAT, &Font_7x10, 1);   
..\..\Libraries_stm32f4\servosandbuttons.c(248): warning:  #188-D: enumerated type mixed with another type
  		SSD1306_Puts (uartComAT, &Font_7x10, 1); 
..\..\Libraries_stm32f4\servosandbuttons.c(249): warning:  #188-D: enumerated type mixed with another type
  		SSD1306_DrawFilledCircle(5, 31, 4, 1);
..\..\Libraries_stm32f4\servosandbuttons.c(257): warning:  #188-D: enumerated type mixed with another type
  		SSD1306_Puts (uartComAT, &Font_7x10, 1);  
..\..\Libraries_stm32f4\servosandbuttons.c(260): warning:  #188-D: enumerated type mixed with another type
  		SSD1306_Puts (uartComAT, &Font_7x10, 1);   
..\..\Libraries_stm32f4\servosandbuttons.c(263): warning:  #188-D: enumerated type mixed with another type
  		SSD1306_Puts (uartComAT, &Font_7x10, 1);   
..\..\Libraries_stm32f4\servosandbuttons.c(266): warning:  #188-D: enumerated type mixed with another type
  		SSD1306_Puts (uartComAT, &Font_7x10, 1);   
..\..\Libraries_stm32f4\servosandbuttons.c(269): warning:  #188-D: enumerated type mixed with another type
  		SSD1306_Puts (uartComAT, &Font_7x10, 1); 
..\..\Libraries_stm32f4\servosandbuttons.c(270): warning:  #188-D: enumerated type mixed with another type
  		SSD1306_DrawFilledCircle(5, 43, 4, 1);
..\..\Libraries_stm32f4\servosandbuttons.c(278): warning:  #188-D: enumerated type mixed with another type
  		SSD1306_Puts (uartComAT, &Font_7x10, 1);  
..\..\Libraries_stm32f4\servosandbuttons.c(281): warning:  #188-D: enumerated type mixed with another type
  		SSD1306_Puts (uartComAT, &Font_7x10, 1);   
..\..\Libraries_stm32f4\servosandbuttons.c(284): warning:  #188-D: enumerated type mixed with another type
  		SSD1306_Puts (uartComAT, &Font_7x10, 1);   
..\..\Libraries_stm32f4\servosandbuttons.c(287): warning:  #188-D: enumerated type mixed with another type
  		SSD1306_Puts (uartComAT, &Font_7x10, 1);   
..\..\Libraries_stm32f4\servosandbuttons.c(290): warning:  #188-D: enumerated type mixed with another type
  		SSD1306_Puts (uartComAT, &Font_7x10, 1); 
..\..\Libraries_stm32f4\servosandbuttons.c(291): warning:  #188-D: enumerated type mixed with another type
  		SSD1306_DrawFilledCircle(5, 56, 4, 1);
..\..\Libraries_stm32f4\servosandbuttons.c: 35 warnings, 0 errors
linking...
Program Size: Code=17880 RO-data=6440 RW-data=80 ZI-data=3016  
FromELF: creating hex file...
"RGBSensorProyect\RGBSensor.axf" - 0 Error(s), 35 Warning(s).

<h2>Software Packages used:</h2>

Package Vendor: ARM
                http://www.keil.com/pack/ARM.CMSIS.5.6.0.pack
                ARM.CMSIS.5.6.0
                CMSIS (Cortex Microcontroller Software Interface Standard)
   * Component: CORE Version: 5.3.0

Package Vendor: Keil
                http://www.keil.com/pack/Keil.STM32F4xx_DFP.2.14.0.pack
                Keil.STM32F4xx_DFP.2.14.0
                STMicroelectronics STM32F4 Series Device Support, Drivers and Examples

<h2>Collection of Component include folders:</h2>
  .\RTE\_RGBSensorProyect
  C:\Users\bouyo\AppData\Local\Arm\Packs\ARM\CMSIS\5.6.0\CMSIS\Core\Include
  C:\Users\bouyo\AppData\Local\Arm\Packs\Keil\STM32F4xx_DFP\2.14.0\Drivers\CMSIS\Device\ST\STM32F4xx\Include

<h2>Collection of Component Files used:</h2>

   * Component: ARM::CMSIS:CORE:5.3.0
Build Time Elapsed:  00:00:02
</pre>
</body>
</html>
